Archive member included to satisfy reference by file (symbol)

/opt/devkitpro/libogc/lib/cube/libogc.a(common_crt0.o)
                              (__app_start)
/opt/devkitpro/libogc/lib/cube/libogc.a(early_init.o)
                              /opt/devkitpro/libogc/lib/cube/libogc.a(common_crt0.o) (PPCEarlyInit)
/opt/devkitpro/libogc/lib/cube/libogc.a(default_stacks.o)
                              /opt/devkitpro/libogc/lib/cube/libogc.a(common_crt0.o) (__ppc_main_sp)
/opt/devkitpro/libogc/lib/cube/libogc.a(cache.o)
                              render_gx.o (PPCDCacheFlushAsync)
/opt/devkitpro/libogc/lib/cube/libogc.a(exception.o)
                              /opt/devkitpro/libogc/lib/cube/libogc.a(common_crt0.o) (PPCExcptInit)
/opt/devkitpro/libogc/lib/cube/libogc.a(exception_asm.o)
                              /opt/devkitpro/libogc/lib/cube/libogc.a(exception.o) (PPCExcptEntryGeneral)
/opt/devkitpro/libogc/lib/cube/libogc.a(interrupt.o)
                              /opt/devkitpro/libogc/lib/cube/libogc.a(common_crt0.o) (KIrqInit)
/opt/devkitpro/libogc/lib/cube/libogc.a(interrupt_asm.o)
                              /opt/devkitpro/libogc/lib/cube/libogc.a(interrupt.o) (PPCExcptIrqHandler)
/opt/devkitpro/libogc/lib/cube/libogc.a(thread.o)
                              app.o (__getreent)
/opt/devkitpro/libogc/lib/cube/libogc.a(sync.o)
                              /opt/devkitpro/libogc/lib/cube/libogc.a(thread.o) (KThreadUpdateDynamicPrio)
/opt/devkitpro/libogc/lib/cube/libogc.a(tick.o)
                              /opt/devkitpro/libogc/lib/cube/libogc.a(interrupt.o) (KTickTaskRun)
/opt/devkitpro/libogc/lib/cube/libogc.a(newlib_syscalls.o)
                              /opt/devkitpro/libogc/lib/cube/libogc.a(common_crt0.o) (__newlib_syscalls)
/opt/devkitpro/libogc/lib/cube/libogc.a(video.o)
                              main_gc.o (VIDEO_Init)
/opt/devkitpro/libogc/lib/cube/libogc.a(pad.o)
                              input.o (PAD_Init)
/opt/devkitpro/libogc/lib/cube/libogc.a(dvd.o)
                              gcdvd.o (DVD_ReadPrio)
/opt/devkitpro/libogc/lib/cube/libogc.a(system.o)
                              /opt/devkitpro/libogc/lib/cube/libogc.a(video.o) (__SYS_LockSram)
/opt/devkitpro/libogc/lib/cube/libogc.a(gx.o)
                              render_gx.o (GX_DrawDone)
/opt/devkitpro/libogc/lib/cube/libogc.a(gu.o)
                              render_gx.o (guPerspective)
/opt/devkitpro/libogc/lib/cube/libogc.a(gu_psasm.o)
                              render_gx.o (ps_guMtxConcat)
/opt/devkitpro/libogc/lib/cube/libogc.a(si.o)
                              /opt/devkitpro/libogc/lib/cube/libogc.a(pad.o) (SI_Busy)
/opt/devkitpro/libogc/lib/cube/libogc.a(timesupp.o)
                              /opt/devkitpro/libogc/lib/cube/libogc.a(system.o) (settime)
/opt/devkitpro/libogc/lib/cube/libogc.a(sbrk.o)
                              /opt/devkitpro/libogc/lib/cube/libogc.a(system.o) (_sbrk_r)
/opt/devkitpro/libogc/lib/cube/libogc.a(argv.o)
                              /opt/devkitpro/libogc/lib/cube/libogc.a(common_crt0.o) (__CheckARGV)
/opt/devkitpro/libogc/lib/cube/libogc.a(default_panic.o)
                              /opt/devkitpro/libogc/lib/cube/libogc.a(system.o) (__libogc_panic)
/opt/devkitpro/libogc/lib/cube/libogc.a(lwpc_alarm.o)
                              /opt/devkitpro/libogc/lib/cube/libogc.a(dvd.o) (SYS_CreateAlarm)
/opt/devkitpro/libogc/lib/cube/libogc.a(lwpc_queue.o)
                              /opt/devkitpro/libogc/lib/cube/libogc.a(video.o) (LWP_InitQueue)
/opt/devkitpro/libogc/lib/cube/libogc.a(lwpc_thread.o)
                              /opt/devkitpro/libogc/lib/cube/libogc.a(gx.o) (LWP_SuspendThread)
/opt/devkitpro/libogc/lib/cube/libogc.a(console.o)
                              /opt/devkitpro/libogc/lib/cube/libogc.a(default_panic.o) (__console_init)
/opt/devkitpro/libogc/lib/cube/libogc.a(lwp_wkspace.o)
                              /opt/devkitpro/libogc/lib/cube/libogc.a(lwpc_alarm.o) (__wkspace_heap)
/opt/devkitpro/libogc/lib/cube/libogc.a(lwp_heap.o)
                              /opt/devkitpro/libogc/lib/cube/libogc.a(lwp_wkspace.o) (__lwp_heap_init)
/opt/devkitpro/libogc/lib/cube/libogc.a(exi.o)
                              /opt/devkitpro/libogc/lib/cube/libogc.a(system.o) (EXI_Lock)
/opt/devkitpro/libogc/lib/cube/libogc.a(cache_asm.o)
                              /opt/devkitpro/libogc/lib/cube/libogc.a(system.o) (ICFlashInvalidate)
/opt/devkitpro/libogc/lib/cube/libogc.a(console_font_8x16.o)
                              /opt/devkitpro/libogc/lib/cube/libogc.a(console.o) (console_font_8x16)
/opt/devkitpro/libogc/lib/cube/libogc.a(usbgecko.o)
                              /opt/devkitpro/libogc/lib/cube/libogc.a(console.o) (usb_isgeckoalive)
/opt/devkitpro/libogc/lib/cube/libogc.a(kprintf.o)
                              /opt/devkitpro/libogc/lib/cube/libogc.a(default_panic.o) (kprintf)
/opt/devkitpro/libogc/lib/cube/libogc.a(lwp_queue.o)
[...]
Memory Configuration

Name             Origin             Length             Attributes
*default*        0x00000000         0xffffffff

Linker script and memory map

                0x80003100                        . = 0x80003100
                0x00000000                        PROVIDE (__isIPL = 0x0)
                0x800000d0                        PROVIDE (__ppc_excpt_buf = 0x800000d0)
                0x80003000                        PROVIDE (__ppc_excpt_table = 0x80003000)

.init           0x80003100       0xa0
 *(.crt0 .crt0.*)
 .crt0.__app_start
                0x80003100       0xa0 /opt/devkitpro/libogc/lib/cube/libogc.a(common_crt0.o)
                0x80003100                __app_start

.text           0x800031a0    0x41fc0
 *(SORT_NONE(.init))
 .init          0x800031a0        0xc /opt/devkitpro/devkitPPC/lib/gcc/powerpc-eabi/16.1.0/ecrti.o
                0x800031a0                __init
 .init          0x800031ac        0x4 /opt/devkitpro/devkitPPC/lib/gcc/powerpc-eabi/16.1.0/crtbegin.o
 .init          0x800031b0        0x4 /opt/devkitpro/devkitPPC/lib/gcc/powerpc-eabi/16.1.0/crtend.o
 .init          0x800031b4       0x10 /opt/devkitpro/devkitPPC/lib/gcc/powerpc-eabi/16.1.0/ecrtn.o
 *(.text.unlikely .text.*_unlikely .text.unlikely.*)
 .text.unlikely.abort
                0x800031c4       0x2c /opt/devkitpro/devkitPPC/lib/gcc/powerpc-eabi/16.1.0/../../../../powerpc-eabi/lib/libsysbase.a(libsysbase_libsysbase_a-abort.o)
                0x800031c4                abort
 *(.text.exit .text.exit.*)
 .text.exit     0x800031f0       0x3c /opt/devkitpro/devkitPPC/lib/gcc/powerpc-eabi/16.1.0/../../../../powerpc-eabi/lib/libc.a(libc_a-exit.o)
                0x800031f0                exit
 *(.text.startup .text.startup.*)
 .text.startup.main
                0x8000322c      0x2f8 main_gc.o
                0x8000322c                main
 .text.startup.register_fini
                0x80003524        0xc /opt/devkitpro/devkitPPC/lib/gcc/powerpc-eabi/16.1.0/../../../../powerpc-eabi/lib/libc.a(libc_a-__call_atexit.o)
 *(.text.hot .text.hot.*)
 *(SORT_BY_NAME(.text.sorted.*))
 *(.text .iplt .stub .text.* .gnu.linkonce.t.*)
 .text.__do_global_dtors_aux
                0x80003530       0xcc /opt/devkitpro/devkitPPC/lib/gcc/powerpc-eabi/16.1.0/crtbegin.o
 .text.frame_dummy
                0x800035fc       0x24 /opt/devkitpro/devkitPPC/lib/gcc/powerpc-eabi/16.1.0/crtbegin.o
 .iplt          0x80003620        0x0 /opt/devkitpro/devkitPPC/lib/gcc/powerpc-eabi/16.1.0/crtbegin.o
 .text.free_previews
                0x80003620       0x98 app.o
 .text.enter_character_select
                0x800036b8      0x1ac app.o
 .text.app_init
                0x80003864      0x120 app.o
                0x80003864                app_init
 .text.app_step
                0x80003984      0x454 app.o
                0x80003984                app_step
 .text.app_render
                0x80003dd8       0x24 app.o
                0x80003dd8                app_render
 .text.carousel_init
                0x80003dfc       0x60 carousel.o
                0x80003dfc                carousel_init
 .text.carousel_step
                0x80003e5c      0x114 carousel.o
                0x80003e5c                carousel_step
 .text.carousel_render
                0x80003f70      0x7f0 carousel.o
                0x80003f70                carousel_render
 .text.character_list_load_json
                0x80004760      0x408 character.o
                0x80004760                character_list_load_json
 .text.character_list_find
                0x80004b68       0x70 character.o
                0x80004b68                character_list_find
 .text.character_instance_load
                0x80004bd8       0x24 character.o
                0x80004bd8                character_instance_load
 .text.character_instance_free
                0x80004bfc        0x4 character.o
                0x80004bfc                character_instance_free
 .text.circuit_make_oval
                0x80004c00      0x3b8 circuit.o
                0x80004c00                circuit_make_oval
 .text.circuit_free
                0x80004fb8       0x4c circuit.o
                0x80004fb8                circuit_free
 .text.circuit_resolve_walls
                0x80005004      0x208 circuit.o
                0x80005004                circuit_resolve_walls
 .text.game_init
                0x8000520c      0x244 game.o
                0x8000520c                game_init
 .text.game_shutdown
                0x80005450       0x5c game.o
                0x80005450                game_shutdown
 .text.game_step
                0x800054ac      0x16c game.o
                0x800054ac                game_step
 .text.game_render
                0x80005618      0x448 game.o
                0x80005618                game_render
 .text.gcdvd_close_r
                0x80005a60        0x8 gcdvd.o
 .text.gcdvd_seek_r
                0x80005a68       0x90 gcdvd.o
 .text.gcdvd_fstat_r
                0x80005af8       0x60 gcdvd.o
 .text.gcdvd_read_raw
                0x80005b58      0x10c gcdvd.o
 .text.gcdvd_read_r
                0x80005c64       0xb4 gcdvd.o
 .text.fst_find
                0x80005d18      0x248 gcdvd.o
 .text.gcdvd_open_r
                0x80005f60       0xd8 gcdvd.o
 .text.gcdvd_mount
                0x80006038      0x1a4 gcdvd.o
                0x80006038                gcdvd_mount
 .text.hud_render
                0x800061dc      0x654 hud.o
                0x800061dc                hud_render
 .text.stbi__stdio_eof
                0x80006830       0x14 image_load.o
 .text.stbi__bitreverse16
                0x80006844       0x4c image_load.o
 .text.stbi__fill_bits
                0x80006890       0x7c image_load.o
 .text.stbi__zhuffman_decode
                0x8000690c      0x174 image_load.o
 .text.stbi__stdio_skip
                0x80006a80       0x58 image_load.o
 .text.stbi__stdio_read
                0x80006ad8       0x10 image_load.o
 .text.stbi__vertical_flip
                0x80006ae8      0x100 image_load.o
 .text.stbi__create_png_alpha_expand8
                0x80006be8       0xf0 image_load.o
 .text.stbi__zexpand.part.0
                0x80006cd8       0xd4 image_load.o
 .text.stbi__refill_buffer
                0x80006dac       0xa8 image_load.o
 .text.stbi__zbuild_huffman
                0x80006e54      0x2d8 image_load.o
 .text.stbi__malloc_mad3.constprop.0
                0x8000712c       0x64 image_load.o
 .text.stbi__create_png_image_raw
                0x80007190      0xa30 image_load.o
 .text.stbi__skip
                0x80007bc0       0xd4 image_load.o
 .text.stbi__get16be
                0x80007c94       0xec image_load.o
 .text.stbi__get32be
                0x80007d80      0x1e8 image_load.o
 .text.stbi__compute_huffman_codes
                0x80007f68      0x3a8 image_load.o
 .text.stbi__parse_zlib
                0x80008310      0x8cc image_load.o
 .text.stbi_zlib_decode_malloc_guesssize_headerflag
                0x80008bdc       0xf0 image_load.o
                0x80008bdc                stbi_zlib_decode_malloc_guesssize_headerflag
 .text.stbi__parse_png_file
                0x80008ccc     0x1600 image_load.o
 .text.stbi__do_png
                0x8000a2cc     0x152c image_load.o
 .text.stbi__load_and_postprocess_8bit
                0x8000b7f8      0x300 image_load.o
 .text.stbi_load_from_file
                0x8000baf8      0x138 image_load.o
                0x8000baf8                stbi_load_from_file
 .text.image_load_rgba
                0x8000bc30      0x114 image_load.o
                0x8000bc30                image_load_rgba
 .text.image_free
                0x8000bd44        0x4 image_load.o
                0x8000bd44                image_free
 .text.input_init
                0x8000bd48        0x4 input.o
                0x8000bd48                input_init
 .text.input_poll
                0x8000bd4c      0x250 input.o
                0x8000bd4c                input_poll
 .text.parse_string_raw
                0x8000bf9c      0x424 json.o
 .text.json_free
                0x8000c3c0      0x13c json.o
                0x8000c3c0                json_free
 .text.parse_value
                0x8000c4fc      0x8d0 json.o
 .text.json_parse
                0x8000cdcc      0x114 json.o
                0x8000cdcc                json_parse
 .text.json_type
                0x8000cee0       0x18 json.o
                0x8000cee0                json_type
 .text.json_array_count
                0x8000cef8       0x24 json.o
                0x8000cef8                json_array_count
 .text.json_array_get
                0x8000cf1c       0x40 json.o
                0x8000cf1c                json_array_get
 .text.json_object_get
                0x8000cf5c       0xd4 json.o
                0x8000cf5c                json_object_get
 .text.json_as_string
                0x8000d030       0x24 json.o
                0x8000d030                json_as_string
 .text.json_as_number
                0x8000d054       0x1c json.o
                0x8000d054                json_as_number
 .text.json_as_int
                0x8000d070       0x3c json.o
                0x8000d070                json_as_int
 .text.model_instance_load
                0x8000d0ac      0x2d4 model_load.o
                0x8000d0ac                model_instance_load
 .text.model_instance_free
                0x8000d380       0x8c model_load.o
                0x8000d380                model_instance_free
 .text.vecarr_push
                0x8000d40c       0xc8 obj_loader.o
 .text.find_or_add_material
                0x8000d4d4      0x240 obj_loader.o
 .text.mesh_load_obj
                0x8000d714      0x9c4 obj_loader.o
                0x8000d714                mesh_load_obj
 .text.mesh_recenter_to_ground
                0x8000e0d8       0xc4 obj_loader.o
                0x8000e0d8                mesh_recenter_to_ground
 .text.mesh_free
                0x8000e19c       0x40 obj_loader.o
                0x8000e19c                mesh_free
 .text.kart_init
                0x8000e1dc       0xbc physics.o
                0x8000e1dc                kart_init
 .text.kart_forward
                0x8000e298       0x5c physics.o
                0x8000e298                kart_forward
 .text.kart_update
                0x8000e2f4      0x350 physics.o
                0x8000e2f4                kart_update
 .text.race_init
                0x8000e644       0x60 race.o
                0x8000e644                race_init
 .text.race_update
                0x8000e6a4      0x228 race.o
                0x8000e6a4                race_update
 .text.race_position
                0x8000e8cc        0x8 race.o
                0x8000e8cc                race_position
 .text.load_model_matrix
                0x8000e8d4      0x36c render_gx.o
 .text.render_gx_set_target
                0x8000ec40       0x20 render_gx.o
                0x8000ec40                render_gx_set_target
 .text.render_init
                0x8000ec60       0x14 render_gx.o
                0x8000ec60                render_init
 .text.render_begin_frame
                0x8000ec74        0x4 render_gx.o
                0x8000ec74                render_begin_frame
 .text.render_end_frame
                0x8000ec78       0x6c render_gx.o
                0x8000ec78                render_end_frame
 .text.render_set_camera
                0x8000ece4      0x100 render_gx.o
                0x8000ece4                render_set_camera
 .text.render_texture_create
                0x8000ede4      0x274 render_gx.o
                0x8000ede4                render_texture_create
 .text.render_texture_destroy
                0x8000f058       0x58 render_gx.o
                0x8000f058                render_texture_destroy
 .text.render_draw_mesh
                0x8000f0b0      0x4a0 render_gx.o
                0x8000f0b0                render_draw_mesh
 .text.render_draw_box
                0x8000f550      0x4a4 render_gx.o
                0x8000f550                render_draw_box
 .text.render_draw_ground
                0x8000f9f4      0x1c0 render_gx.o
                0x8000f9f4                render_draw_ground
 .text.render_begin_ui
                0x8000fbb4       0xbc render_gx.o
                0x8000fbb4                render_begin_ui
 .text.render_end_ui
                0x8000fc70       0x10 render_gx.o
                0x8000fc70                render_end_ui
 .text.render_draw_text
                0x8000fc80      0x3ac render_gx.o
                0x8000fc80                render_draw_text
 .text.make_tri
                0x8001002c      0x15c track.o
 .text.track_make_plane
                0x80010188      0x130 track.o
                0x80010188                track_make_plane
 .text.track_free
                0x800102b8       0x3c track.o
                0x800102b8                track_free
 .text.track_raycast
                0x800102f4      0x23c track.o
                0x800102f4                track_raycast
 .text.track_ground
                0x80010530       0xd0 track.o
                0x80010530                track_ground
 .text.vehicle_list_load_json
                0x80010600      0x4d0 vehicle.o
                0x80010600                vehicle_list_load_json
 .text.vehicle_list_find
                0x80010ad0       0x70 vehicle.o
                0x80010ad0                vehicle_list_find
 .text.vehicle_instance_load
                0x80010b40       0x24 vehicle.o
                0x80010b40                vehicle_instance_load
 .text.vehicle_instance_free
                0x80010b64        0x4 vehicle.o
                0x80010b64                vehicle_instance_free
 .text.DEBUGPrint
                0x80010b68        0x4 /opt/devkitpro/libogc/lib/cube/libogc.a(common_crt0.o)
                0x80010b68                DEBUGPrint
 .text.__eabi   0x80010b6c        0x4 /opt/devkitpro/libogc/lib/cube/libogc.a(common_crt0.o)
                0x80010b6c                __eabi
 .text.PPCEarlyInit
                0x80010b70       0x24 /opt/devkitpro/libogc/lib/cube/libogc.a(early_init.o)
                0x80010b70                PPCEarlyInit
 .text.PPCEarlyInitImpl
                0x80010b94      0x150 /opt/devkitpro/libogc/lib/cube/libogc.a(early_init.o)
 *fill*         0x80010ce4       0x1c 00000000
 .text.PPCHotReset
                0x80010d00       0x70 /opt/devkitpro/libogc/lib/cube/libogc.a(early_init.o)
                0x80010d00                PPCHotReset
 .text.PPCDCacheFlushAsync
                0x80010d70       0x28 /opt/devkitpro/libogc/lib/cube/libogc.a(cache.o)
                0x80010d70                PPCDCacheFlushAsync
 .text.PPCDCacheInvalidate
                0x80010d98       0x28 /opt/devkitpro/libogc/lib/cube/libogc.a(cache.o)
                0x80010d98                PPCDCacheInvalidate
 .text.PPCICacheInvalidate
                0x80010dc0       0x28 /opt/devkitpro/libogc/lib/cube/libogc.a(cache.o)
                0x80010dc0                PPCICacheInvalidate
 .text.PPCExcptDefaultPanicFn
                0x80010de8       0xac /opt/devkitpro/libogc/lib/cube/libogc.a(exception.o)
 .text.PPCExcptInit
                0x80010e94      0x140 /opt/devkitpro/libogc/lib/cube/libogc.a(exception.o)
                0x80010e94                PPCExcptInit
 .text.PPCExcptEntryGeneral
                0x80010fd4       0x60 /opt/devkitpro/libogc/lib/cube/libogc.a(exception_asm.o)
                0x80010fd8                PPCExcptEntryGeneral
 .text.PPCExcptEntryFpu
                0x80011034       0x90 /opt/devkitpro/libogc/lib/cube/libogc.a(exception_asm.o)
                0x80011038                PPCExcptEntryFpu
 .text.PPCExcptFpuHandler
                0x800110c4      0x260 /opt/devkitpro/libogc/lib/cube/libogc.a(exception_asm.o)
 .text.PPCExcptDefaultScHandler
                0x80011324       0x3c /opt/devkitpro/libogc/lib/cube/libogc.a(exception_asm.o)
                0x80011324                PPCExcptDefaultScHandler
 .text.PPCExcptDefaultHandler
                0x80011360      0x13c /opt/devkitpro/libogc/lib/cube/libogc.a(exception_asm.o)
                0x80011360                PPCExcptDefaultHandler
 .text.KIrqInit
                0x8001149c       0x8c /opt/devkitpro/libogc/lib/cube/libogc.a(interrupt.o)
                0x8001149c                KIrqInit
 .text.KIrqDispatch
                0x80011528      0x250 /opt/devkitpro/libogc/lib/cube/libogc.a(interrupt.o)
                0x80011528                KIrqDispatch
 .text.KIrqEnable
                0x80011778      0x23c /opt/devkitpro/libogc/lib/cube/libogc.a(interrupt.o)
                0x80011778                KIrqEnable
 .text.KIrqDisable
                0x800119b4      0x238 /opt/devkitpro/libogc/lib/cube/libogc.a(interrupt.o)
                0x800119b4                KIrqDisable
 .text.KIrqGet  0x80011bec       0x14 /opt/devkitpro/libogc/lib/cube/libogc.a(interrupt.o)
                0x80011bec                KIrqGet
 .text.KIrqSet  0x80011c00       0x3c /opt/devkitpro/libogc/lib/cube/libogc.a(interrupt.o)
                0x80011c00                KIrqSet
 .text.PPCExcptIrqHandler
                0x80011c3c      0x144 /opt/devkitpro/libogc/lib/cube/libogc.a(interrupt_asm.o)
                0x80011c3c                PPCExcptIrqHandler
 .text.__PPCContextPrepareToJump
                0x80011d80       0x4c /opt/devkitpro/libogc/lib/cube/libogc.a(interrupt_asm.o)
                0x80011d80                __PPCContextPrepareToJump
 .text.__PPCContextJump
                0x80011dcc        0x8 /opt/devkitpro/libogc/lib/cube/libogc.a(interrupt_asm.o)
                0x80011dcc                __PPCContextJump
 .text.KThreadIdleMain
                0x80011dd4        0x4 /opt/devkitpro/libogc/lib/cube/libogc.a(thread.o)
 .text.__getreent
                0x80011dd8       0x24 /opt/devkitpro/libogc/lib/cube/libogc.a(thread.o)
                0x80011dd8                __getreent
 .text.KThreadInit
                0x80011dfc      0x100 /opt/devkitpro/libogc/lib/cube/libogc.a(thread.o)
                0x80011dfc                KThreadInit
 .text.KThreadSwitchTo
                0x80011efc       0x88 /opt/devkitpro/libogc/lib/cube/libogc.a(thread.o)
                0x80011efc                KThreadSwitchTo
 .text.KThreadResume
                0x80011f84       0xa8 /opt/devkitpro/libogc/lib/cube/libogc.a(thread.o)
                0x80011f84                KThreadResume
 .text.KThreadSuspend
                0x8001202c       0xe0 /opt/devkitpro/libogc/lib/cube/libogc.a(thread.o)
                0x8001202c                KThreadSuspend
 .text.KThrQueueBlock
                0x8001210c      0x108 /opt/devkitpro/libogc/lib/cube/libogc.a(thread.o)
                0x8001210c                KThrQueueBlock
 .text.KThrQueueUnblockAllByValue
                0x80012214      0x154 /opt/devkitpro/libogc/lib/cube/libogc.a(thread.o)
                0x80012214                KThrQueueUnblockAllByValue
 .text.KThreadUpdateDynamicPrio
                0x80012368      0x1f4 /opt/devkitpro/libogc/lib/cube/libogc.a(sync.o)
                0x80012368                KThreadUpdateDynamicPrio
 .text.KThreadRemoveWaiter
                0x8001255c      0x178 /opt/devkitpro/libogc/lib/cube/libogc.a(sync.o)
 .text.KMutexLock
                0x800126d4      0x194 /opt/devkitpro/libogc/lib/cube/libogc.a(sync.o)
                0x800126d4                KMutexLock
 .text.KMutexUnlock
                0x80012868      0x104 /opt/devkitpro/libogc/lib/cube/libogc.a(sync.o)
                0x80012868                KMutexUnlock
 .text.KTickTaskReschedule
                0x8001296c       0x6c /opt/devkitpro/libogc/lib/cube/libogc.a(tick.o)
 .text.KTickTaskRun
                0x800129d8      0x128 /opt/devkitpro/libogc/lib/cube/libogc.a(tick.o)
                0x800129d8                KTickTaskRun
 .text.KTickTaskStart
                0x80012b00      0x168 /opt/devkitpro/libogc/lib/cube/libogc.a(tick.o)
                0x80012b00                KTickTaskStart
 .text.KTickTaskStop
                0x80012c68       0xc4 /opt/devkitpro/libogc/lib/cube/libogc.a(tick.o)
                0x80012c68                KTickTaskStop
 .text.__syscall_lock_acquire
                0x80012d2c        0x4 /opt/devkitpro/libogc/lib/cube/libogc.a(newlib_syscalls.o)
                0x80012d2c                __syscall_lock_acquire
 .text.__syscall_lock_release
                0x80012d30        0x4 /opt/devkitpro/libogc/lib/cube/libogc.a(newlib_syscalls.o)
                0x80012d30                __syscall_lock_release
 .text.__syscall_lock_acquire_recursive
                0x80012d34       0x50 /opt/devkitpro/libogc/lib/cube/libogc.a(newlib_syscalls.o)
                0x80012d34                __syscall_lock_acquire_recursive
 .text.__syscall_lock_release_recursive
                0x80012d84       0x18 /opt/devkitpro/libogc/lib/cube/libogc.a(newlib_syscalls.o)
                0x80012d84                __syscall_lock_release_recursive
 .text.__VIRetraceHandler
                0x80012d9c      0x200 /opt/devkitpro/libogc/lib/cube/libogc.a(video.o)
 .text.__setFbbRegs.constprop.0
                0x80012f9c      0x194 /opt/devkitpro/libogc/lib/cube/libogc.a(video.o)
 .text.__VIClearFramebuffer
                0x80013130       0x48 /opt/devkitpro/libogc/lib/cube/libogc.a(video.o)
                0x80013130                __VIClearFramebuffer
 .text.VIDEO_Init
                0x80013178      0x3a0 /opt/devkitpro/libogc/lib/cube/libogc.a(video.o)
                0x80013178                VIDEO_Init
 .text.VIDEO_Configure
                0x80013518      0x5c0 /opt/devkitpro/libogc/lib/cube/libogc.a(video.o)
                0x80013518                VIDEO_Configure
 .text.VIDEO_WaitVSync
                0x80013ad8       0x68 /opt/devkitpro/libogc/lib/cube/libogc.a(video.o)
                0x80013ad8                VIDEO_WaitVSync
 .text.VIDEO_SetFramebuffer
                0x80013b40       0xc4 /opt/devkitpro/libogc/lib/cube/libogc.a(video.o)
                0x80013b40                VIDEO_SetFramebuffer
 .text.VIDEO_SetNextFramebuffer
                0x80013c04       0x54 /opt/devkitpro/libogc/lib/cube/libogc.a(video.o)
                0x80013c04                VIDEO_SetNextFramebuffer
 .text.VIDEO_Flush
                0x80013c58       0xe8 /opt/devkitpro/libogc/lib/cube/libogc.a(video.o)
                0x80013c58                VIDEO_Flush
 .text.VIDEO_SetBlack
                0x80013d40      0x150 /opt/devkitpro/libogc/lib/cube/libogc.a(video.o)
                0x80013d40                VIDEO_SetBlack
 .text.VIDEO_GetCurrentTvMode
                0x80013e90       0x64 /opt/devkitpro/libogc/lib/cube/libogc.a(video.o)
                0x80013e90                VIDEO_GetCurrentTvMode
 .text.VIDEO_GetPreferredMode
                0x80013ef4       0xbc /opt/devkitpro/libogc/lib/cube/libogc.a(video.o)
                0x80013ef4                VIDEO_GetPreferredMode
 .text.VIDEO_GetCurrentLine
                0x80013fb0       0x94 /opt/devkitpro/libogc/lib/cube/libogc.a(video.o)
                0x80013fb0                VIDEO_GetCurrentLine
 .text.VIDEO_GetFrameBufferSize
                0x80014044       0x34 /opt/devkitpro/libogc/lib/cube/libogc.a(video.o)
                0x80014044                VIDEO_GetFrameBufferSize
 .text.SPEC1_MakeStatus
                0x80014078      0x104 /opt/devkitpro/libogc/lib/cube/libogc.a(pad.o)
 .text.__pad_samplinghandler
                0x8001417c        0x4 /opt/devkitpro/libogc/lib/cube/libogc.a(pad.o)
 .text.__pad_updateorigin
                0x80014180       0x98 /opt/devkitpro/libogc/lib/cube/libogc.a(pad.o)
 .text.__pad_disable
                0x80014218       0xa0 /opt/devkitpro/libogc/lib/cube/libogc.a(pad.o)
 .text.__pad_receivecheckcallback
                0x800142b8       0x74 /opt/devkitpro/libogc/lib/cube/libogc.a(pad.o)
 .text.__pad_doreset
                0x8001432c       0x5c /opt/devkitpro/libogc/lib/cube/libogc.a(pad.o)
 .text.__pad_typeandstatuscallback
                0x80014388      0x1b4 /opt/devkitpro/libogc/lib/cube/libogc.a(pad.o)
 .text.__pad_originupdatecallback
                0x8001453c       0x2c /opt/devkitpro/libogc/lib/cube/libogc.a(pad.o)
 .text.__pad_onreset
                0x80014568       0xf0 /opt/devkitpro/libogc/lib/cube/libogc.a(pad.o)
 .text.SPEC2_MakeStatus
                0x80014658      0x220 /opt/devkitpro/libogc/lib/cube/libogc.a(pad.o)
 .text.__pad_origincallback
                0x80014878       0x74 /opt/devkitpro/libogc/lib/cube/libogc.a(pad.o)
 .text.__pad_probecallback
                0x800148ec       0x84 /opt/devkitpro/libogc/lib/cube/libogc.a(pad.o)
 .text.__PADDisableRecalibration
                0x80014970       0x54 /opt/devkitpro/libogc/lib/cube/libogc.a(pad.o)
                0x80014970                __PADDisableRecalibration
 .text.PAD_Reset
                0x800149c4       0xdc /opt/devkitpro/libogc/lib/cube/libogc.a(pad.o)
                0x800149c4                PAD_Reset
 .text.PAD_Read
                0x80014aa0      0x2c0 /opt/devkitpro/libogc/lib/cube/libogc.a(pad.o)
                0x80014aa0                PAD_Read
 .text.PAD_Init
                0x80014d60       0xf8 /opt/devkitpro/libogc/lib/cube/libogc.a(pad.o)
                0x80014d60                PAD_Init
 .text.PAD_ScanPads
                0x80014e58      0x13c /opt/devkitpro/libogc/lib/cube/libogc.a(pad.o)
                0x80014e58                PAD_ScanPads
 .text.PAD_ButtonsDown
                0x80014f94       0x3c /opt/devkitpro/libogc/lib/cube/libogc.a(pad.o)
                0x80014f94                PAD_ButtonsDown
 .text.PAD_ButtonsHeld
                0x80014fd0       0x3c /opt/devkitpro/libogc/lib/cube/libogc.a(pad.o)
                0x80014fd0                PAD_ButtonsHeld
 .text.PAD_StickX
                0x8001500c       0x3c /opt/devkitpro/libogc/lib/cube/libogc.a(pad.o)
                0x8001500c                PAD_StickX
 .text.PAD_TriggerL
                0x80015048       0x3c /opt/devkitpro/libogc/lib/cube/libogc.a(pad.o)
                0x80015048                PAD_TriggerL
 .text.PAD_TriggerR
                0x80015084       0x3c /opt/devkitpro/libogc/lib/cube/libogc.a(pad.o)
                0x80015084                PAD_TriggerR
 .text.__dvd_patchdrivecb
                0x800150c0      0x194 /opt/devkitpro/libogc/lib/cube/libogc.a(dvd.o)
 .text.__dvd_unlockdrivecb
                0x80015254       0x48 /opt/devkitpro/libogc/lib/cube/libogc.a(dvd.o)
 .text.__dvd_statecheckid2
                0x8001529c        0x4 /opt/devkitpro/libogc/lib/cube/libogc.a(dvd.o)
 .text.__dvd_storeerror
                0x800152a0      0x108 /opt/devkitpro/libogc/lib/cube/libogc.a(dvd.o)
 .text.__dvd_timeouthandler
                0x800153a8       0x48 /opt/devkitpro/libogc/lib/cube/libogc.a(dvd.o)
 .text.__dvd_statecheckid1cb
                0x800153f0       0x94 /opt/devkitpro/libogc/lib/cube/libogc.a(dvd.o)
 .text.__dvd_mountsynccb
                0x80015484        0x8 /opt/devkitpro/libogc/lib/cube/libogc.a(dvd.o)
 .text.__dvd_readsynccb
                0x8001548c        0x8 /opt/devkitpro/libogc/lib/cube/libogc.a(dvd.o)
 .text.DVD_Init.part.0
                0x80015494       0xa0 /opt/devkitpro/libogc/lib/cube/libogc.a(dvd.o)
 .text.__Read   0x80015534       0xa4 /opt/devkitpro/libogc/lib/cube/libogc.a(dvd.o)
 .text.__dvd_statecoverclosed_cmd
                0x800155d8       0x94 /opt/devkitpro/libogc/lib/cube/libogc.a(dvd.o)
 .text.__dvd_statecoverclosed_spinupcb
                0x8001566c       0xb4 /opt/devkitpro/libogc/lib/cube/libogc.a(dvd.o)
 .text.__DVDInterruptHandler
                0x80015720      0x31c /opt/devkitpro/libogc/lib/cube/libogc.a(dvd.o)
 .text.__dvd_checkaddonscb
                0x80015a3c       0xfc /opt/devkitpro/libogc/lib/cube/libogc.a(dvd.o)
 .text.DVD_Reset
                0x80015b38       0xf8 /opt/devkitpro/libogc/lib/cube/libogc.a(dvd.o)
                0x80015b38                DVD_Reset
 .text.__dvd_spinupdrivecb
                0x80015c30      0x2c4 /opt/devkitpro/libogc/lib/cube/libogc.a(dvd.o)
 .text.__dvd_statebusy
                0x80015ef4      0x700 /opt/devkitpro/libogc/lib/cube/libogc.a(dvd.o)
 .text.__dvd_statecoverclosed
                0x800165f4       0xb0 /opt/devkitpro/libogc/lib/cube/libogc.a(dvd.o)
 .text.__dvd_stateready
                0x800166a4      0x3a0 /opt/devkitpro/libogc/lib/cube/libogc.a(dvd.o)
 .text.__dvd_checkcancel.part.0
                0x80016a44       0x60 /opt/devkitpro/libogc/lib/cube/libogc.a(dvd.o)
 .text.__dvd_stateerrorcb
                0x80016aa4       0xa8 /opt/devkitpro/libogc/lib/cube/libogc.a(dvd.o)
 .text.__dvd_statecoverclosedcb
                0x80016b4c      0x2f8 /opt/devkitpro/libogc/lib/cube/libogc.a(dvd.o)
 .text.__dvd_cntrldrivecb
                0x80016e44       0xfc /opt/devkitpro/libogc/lib/cube/libogc.a(dvd.o)
 .text.__dvd_stateretrycb
                0x80016f40      0x100 /opt/devkitpro/libogc/lib/cube/libogc.a(dvd.o)
 .text.__dvd_setgcmoffsetcb
                0x80017040      0x120 /opt/devkitpro/libogc/lib/cube/libogc.a(dvd.o)
 .text.__dvd_stategotoretrycb
                0x80017160      0x174 /opt/devkitpro/libogc/lib/cube/libogc.a(dvd.o)
 .text.__dvd_handlespinupcb
                0x800172d4      0x1cc /opt/devkitpro/libogc/lib/cube/libogc.a(dvd.o)
 .text.__dvd_fwpatchcb
                0x800174a0      0x208 /opt/devkitpro/libogc/lib/cube/libogc.a(dvd.o)
 .text.__dvd_statebusycb
                0x800176a8      0x5c4 /opt/devkitpro/libogc/lib/cube/libogc.a(dvd.o)
 .text.__issuecommand.isra.0
                0x80017c6c      0x120 /opt/devkitpro/libogc/lib/cube/libogc.a(dvd.o)
 .text.DVD_ReadPrio
                0x80017d8c       0xf4 /opt/devkitpro/libogc/lib/cube/libogc.a(dvd.o)
                0x80017d8c                DVD_ReadPrio
 .text.callback
                0x80017e80      0x128 /opt/devkitpro/libogc/lib/cube/libogc.a(dvd.o)
 .text.__dvd_statemotorstoppedcb
                0x80017fa8       0x20 /opt/devkitpro/libogc/lib/cube/libogc.a(dvd.o)
 .text.__dvd_stategettingerrorcb
                0x80017fc8      0x3f0 /opt/devkitpro/libogc/lib/cube/libogc.a(dvd.o)
 .text.DVD_Mount
                0x800183b8      0x134 /opt/devkitpro/libogc/lib/cube/libogc.a(dvd.o)
                0x800183b8                DVD_Mount
 .text.DVD_Init
                0x800184ec       0x10 /opt/devkitpro/libogc/lib/cube/libogc.a(dvd.o)
                0x800184ec                DVD_Init
 .text.__MEMInterruptHandler
                0x800184fc       0x14 /opt/devkitpro/libogc/lib/cube/libogc.a(system.o)
 .text.__RSWDefaultHandler
                0x80018510        0x4 /opt/devkitpro/libogc/lib/cube/libogc.a(system.o)
 .text.__RSWHandler
                0x80018514      0x158 /opt/devkitpro/libogc/lib/cube/libogc.a(system.o)
 .text.__getrtc
                0x8001866c      0x148 /opt/devkitpro/libogc/lib/cube/libogc.a(system.o)
 .text.__sram_write
                0x800187b4      0x140 /opt/devkitpro/libogc/lib/cube/libogc.a(system.o)
 .text.__sram_writecallback
                0x800188f4       0x54 /opt/devkitpro/libogc/lib/cube/libogc.a(system.o)
 .text.__mem_onreset
                0x80018948       0x48 /opt/devkitpro/libogc/lib/cube/libogc.a(system.o)
 .text.__unlocksram
                0x80018990      0x120 /opt/devkitpro/libogc/lib/cube/libogc.a(system.o)
 .text.__call_resetfuncs
                0x80018ab0      0x150 /opt/devkitpro/libogc/lib/cube/libogc.a(system.o)
 .text.__reload
                0x80018c00       0xa4 /opt/devkitpro/libogc/lib/cube/libogc.a(system.o)
                0x80018c00                __reload
 .text.__syscall_malloc_lock
                0x80018ca4       0x4c /opt/devkitpro/libogc/lib/cube/libogc.a(system.o)
                0x80018ca4                __syscall_malloc_lock
 .text.__syscall_malloc_unlock
                0x80018cf0       0x1c /opt/devkitpro/libogc/lib/cube/libogc.a(system.o)
                0x80018cf0                __syscall_malloc_unlock
 .text.__SYS_LockSram
                0x80018d0c       0x50 /opt/devkitpro/libogc/lib/cube/libogc.a(system.o)
                0x80018d0c                __SYS_LockSram
 .text.__SYS_LockSramEx
                0x80018d5c       0x54 /opt/devkitpro/libogc/lib/cube/libogc.a(system.o)
                0x80018d5c                __SYS_LockSramEx
 .text.__SYS_UnlockSram
                0x80018db0        0x8 /opt/devkitpro/libogc/lib/cube/libogc.a(system.o)
                0x80018db0                __SYS_UnlockSram
 .text.__SYS_UnlockSramEx
                0x80018db8       0xdc /opt/devkitpro/libogc/lib/cube/libogc.a(system.o)
                0x80018db8                __SYS_UnlockSramEx
 .text.__SYS_GetRTC
                0x80018e94       0xd4 /opt/devkitpro/libogc/lib/cube/libogc.a(system.o)
                0x80018e94                __SYS_GetRTC
 .text.__SYS_SetBootTime
                0x80018f68      0x124 /opt/devkitpro/libogc/lib/cube/libogc.a(system.o)
                0x80018f68                __SYS_SetBootTime
 .text.__SYS_PreInit
                0x8001908c        0x4 /opt/devkitpro/libogc/lib/cube/libogc.a(system.o)
                0x8001908c                __SYS_PreInit
 .text.__SYS_InstallPanicHandler
                0x80019090       0x10 /opt/devkitpro/libogc/lib/cube/libogc.a(system.o)
                0x80019090                __SYS_InstallPanicHandler
 .text.SYS_PreMain
                0x800190a0        0x4 /opt/devkitpro/libogc/lib/cube/libogc.a(system.o)
                0x800190a0                SYS_PreMain
 .text.SYS_ResetButtonDown
                0x800190a4       0x18 /opt/devkitpro/libogc/lib/cube/libogc.a(system.o)
                0x800190a4                SYS_ResetButtonDown
 .text.SYS_ResetSystem
                0x800190bc      0x2a8 /opt/devkitpro/libogc/lib/cube/libogc.a(system.o)
                0x800190bc                SYS_ResetSystem
 .text.__syscall_exit
                0x80019364       0x8c /opt/devkitpro/libogc/lib/cube/libogc.a(system.o)
                0x80019364                __syscall_exit
 .text.SYS_RegisterResetFunc
                0x800193f0       0x6c /opt/devkitpro/libogc/lib/cube/libogc.a(system.o)
                0x800193f0                SYS_RegisterResetFunc
 .text.SYS_SetArena1Lo
                0x8001945c       0x24 /opt/devkitpro/libogc/lib/cube/libogc.a(system.o)
                0x8001945c                SYS_SetArena1Lo
 .text.SYS_GetArena1Lo
                0x80019480       0x24 /opt/devkitpro/libogc/lib/cube/libogc.a(system.o)
                0x80019480                SYS_GetArena1Lo
 .text.SYS_GetArena1Hi
                0x800194a4       0x24 /opt/devkitpro/libogc/lib/cube/libogc.a(system.o)
                0x800194a4                SYS_GetArena1Hi
 .text.SYS_AllocateFramebuffer
                0x800194c8       0x28 /opt/devkitpro/libogc/lib/cube/libogc.a(system.o)
                0x800194c8                SYS_AllocateFramebuffer
 .text.SYS_GetWirelessID
                0x800194f0       0x78 /opt/devkitpro/libogc/lib/cube/libogc.a(system.o)
                0x800194f0                SYS_GetWirelessID
 .text.SYS_SetWirelessID
                0x80019568       0x84 /opt/devkitpro/libogc/lib/cube/libogc.a(system.o)
                0x80019568                SYS_SetWirelessID
 .text.SYS_SetGBSMode
                0x800195ec       0x9c /opt/devkitpro/libogc/lib/cube/libogc.a(system.o)
                0x800195ec                SYS_SetGBSMode
 .text.__sram_init
                0x80019688      0x1b0 /opt/devkitpro/libogc/lib/cube/libogc.a(system.o)
                0x80019688                __sram_init
 .text.SYS_Init
                0x80019838      0x4fc /opt/devkitpro/libogc/lib/cube/libogc.a(system.o)
                0x80019838                SYS_Init
 .text.SYS_Time
                0x80019d34       0x54 /opt/devkitpro/libogc/lib/cube/libogc.a(system.o)
                0x80019d34                SYS_Time
 .text.__GX_WaitAbort
                0x80019d88       0x68 /opt/devkitpro/libogc/lib/cube/libogc.a(gx.o)
 .text.__GX_CleanGPFifo
                0x80019df0      0x178 /opt/devkitpro/libogc/lib/cube/libogc.a(gx.o)
 .text.__GXTokenInterruptHandler
                0x80019f68       0x6c /opt/devkitpro/libogc/lib/cube/libogc.a(gx.o)
 .text.__GXDefTlutRegionCallback
                0x80019fd4       0x18 /opt/devkitpro/libogc/lib/cube/libogc.a(gx.o)
 .text.__SetSURegs
                0x80019fec       0x90 /opt/devkitpro/libogc/lib/cube/libogc.a(gx.o)
 .text.__SETVCDATTR
                0x8001a07c      0x230 /opt/devkitpro/libogc/lib/cube/libogc.a(gx.o)
 .text.__SETVCDFMT
                0x8001a2ac      0x4cc /opt/devkitpro/libogc/lib/cube/libogc.a(gx.o)
 .text.__GXCPInterruptHandler
                0x8001a778      0x14c /opt/devkitpro/libogc/lib/cube/libogc.a(gx.o)
 .text.__GXFinishInterruptHandler
                0x8001a8c4       0x58 /opt/devkitpro/libogc/lib/cube/libogc.a(gx.o)
 .text.GX_SetTexCoordGen2.part.0
                0x8001a91c      0x27c /opt/devkitpro/libogc/lib/cube/libogc.a(gx.o)
 .text.__GXDefTexRegionCallback
                0x8001ab98       0x58 /opt/devkitpro/libogc/lib/cube/libogc.a(gx.o)
 .text.GX_InitTexObj.part.0
                0x8001abf0      0x1d8 /opt/devkitpro/libogc/lib/cube/libogc.a(gx.o)
 .text.__GX_SetDirtyState
                0x8001adc8      0x724 /opt/devkitpro/libogc/lib/cube/libogc.a(gx.o)
 .text.GX_SetCPUFifo
                0x8001b4ec      0x224 /opt/devkitpro/libogc/lib/cube/libogc.a(gx.o)
                0x8001b4ec                GX_SetCPUFifo
 .text.GX_SetGPFifo
                0x8001b710      0x2a8 /opt/devkitpro/libogc/lib/cube/libogc.a(gx.o)
                0x8001b710                GX_SetGPFifo
 .text.GX_Flush
                0x8001b9b8       0x98 /opt/devkitpro/libogc/lib/cube/libogc.a(gx.o)
                0x8001b9b8                GX_Flush
 .text.__gx_onreset
                0x8001ba50       0x8c /opt/devkitpro/libogc/lib/cube/libogc.a(gx.o)
 .text.GX_AbortFrame
                0x8001badc       0x6c /opt/devkitpro/libogc/lib/cube/libogc.a(gx.o)
                0x8001badc                GX_AbortFrame
 .text.GX_DrawDone
                0x8001bb48       0xb0 /opt/devkitpro/libogc/lib/cube/libogc.a(gx.o)
                0x8001bb48                GX_DrawDone
 .text.GX_SetViewport
                0x8001bbf8       0x78 /opt/devkitpro/libogc/lib/cube/libogc.a(gx.o)
                0x8001bbf8                GX_SetViewport
 .text.GX_LoadProjectionMtx
                0x8001bc70       0xf0 /opt/devkitpro/libogc/lib/cube/libogc.a(gx.o)
                0x8001bc70                GX_LoadProjectionMtx
 .text.GX_SetCopyClear
                0x8001bd60       0x4c /opt/devkitpro/libogc/lib/cube/libogc.a(gx.o)
                0x8001bd60                GX_SetCopyClear
 .text.GX_SetDispCopyGamma
                0x8001bdac       0x18 /opt/devkitpro/libogc/lib/cube/libogc.a(gx.o)
                0x8001bdac                GX_SetDispCopyGamma
 .text.GX_SetCopyFilter
                0x8001bdc4      0x25c /opt/devkitpro/libogc/lib/cube/libogc.a(gx.o)
                0x8001bdc4                GX_SetCopyFilter
 .text.GX_SetDispCopyYScale
                0x8001c020       0xf8 /opt/devkitpro/libogc/lib/cube/libogc.a(gx.o)
                0x8001c020                GX_SetDispCopyYScale
 .text.GX_SetDispCopyDst
                0x8001c118       0x20 /opt/devkitpro/libogc/lib/cube/libogc.a(gx.o)
                0x8001c118                GX_SetDispCopyDst
 .text.GX_SetDispCopySrc
                0x8001c138       0x38 /opt/devkitpro/libogc/lib/cube/libogc.a(gx.o)
                0x8001c138                GX_SetDispCopySrc
 .text.GX_CopyDisp
                0x8001c170      0x12c /opt/devkitpro/libogc/lib/cube/libogc.a(gx.o)
                0x8001c170                GX_CopyDisp
 .text.GX_SetVtxDesc
                0x8001c29c       0x34 /opt/devkitpro/libogc/lib/cube/libogc.a(gx.o)
                0x8001c29c                GX_SetVtxDesc
 .text.GX_SetVtxAttrFmt
                0x8001c2d0       0x54 /opt/devkitpro/libogc/lib/cube/libogc.a(gx.o)
                0x8001c2d0                GX_SetVtxAttrFmt
 .text.GX_Begin
                0x8001c324       0x6c /opt/devkitpro/libogc/lib/cube/libogc.a(gx.o)
                0x8001c324                GX_Begin
 .text.GX_SetTexCoordGen
                0x8001c390       0x14 /opt/devkitpro/libogc/lib/cube/libogc.a(gx.o)
                0x8001c390                GX_SetTexCoordGen
 .text.GX_LoadPosMtxImm
                0x8001c3a4       0x50 /opt/devkitpro/libogc/lib/cube/libogc.a(gx.o)
                0x8001c3a4                GX_LoadPosMtxImm
 .text.GX_SetNumTexGens
                0x8001c3f4       0x28 /opt/devkitpro/libogc/lib/cube/libogc.a(gx.o)
                0x8001c3f4                GX_SetNumTexGens
 .text.GX_SetZMode
                0x8001c41c       0x38 /opt/devkitpro/libogc/lib/cube/libogc.a(gx.o)
                0x8001c41c                GX_SetZMode
 .text.GX_InitTexObj
                0x8001c454        0xc /opt/devkitpro/libogc/lib/cube/libogc.a(gx.o)
                0x8001c454                GX_InitTexObj
 .text.GX_InitTexObjFilterMode
                0x8001c460       0x34 /opt/devkitpro/libogc/lib/cube/libogc.a(gx.o)
                0x8001c460                GX_InitTexObjFilterMode
 .text.GX_LoadTexObjPreloaded
                0x8001c494      0x188 /opt/devkitpro/libogc/lib/cube/libogc.a(gx.o)
                0x8001c494                GX_LoadTexObjPreloaded
 .text.GX_LoadTexObj
                0x8001c61c       0x58 /opt/devkitpro/libogc/lib/cube/libogc.a(gx.o)
                0x8001c61c                GX_LoadTexObj
 .text.GX_InvalidateTexAll
                0x8001c674       0x50 /opt/devkitpro/libogc/lib/cube/libogc.a(gx.o)
                0x8001c674                GX_InvalidateTexAll
 .text.GX_SetBlendMode
                0x8001c6c4       0xd4 /opt/devkitpro/libogc/lib/cube/libogc.a(gx.o)
                0x8001c6c4                GX_SetBlendMode
 .text.GX_ClearVtxDesc
                0x8001c798       0x38 /opt/devkitpro/libogc/lib/cube/libogc.a(gx.o)
                0x8001c798                GX_ClearVtxDesc
 .text.GX_SetTevColorIn
                0x8001c7d0       0x44 /opt/devkitpro/libogc/lib/cube/libogc.a(gx.o)
                0x8001c7d0                GX_SetTevColorIn
 .text.GX_SetTevAlphaIn
                0x8001c814       0x44 /opt/devkitpro/libogc/lib/cube/libogc.a(gx.o)
                0x8001c814                GX_SetTevAlphaIn
 .text.GX_SetTevColorOp
                0x8001c858       0x98 /opt/devkitpro/libogc/lib/cube/libogc.a(gx.o)
                0x8001c858                GX_SetTevColorOp
 .text.GX_SetTevAlphaOp
                0x8001c8f0       0x98 /opt/devkitpro/libogc/lib/cube/libogc.a(gx.o)
                0x8001c8f0                GX_SetTevAlphaOp
 .text.GX_SetTevOp
                0x8001c988      0x170 /opt/devkitpro/libogc/lib/cube/libogc.a(gx.o)
                0x8001c988                GX_SetTevOp
 .text.GX_SetCullMode
                0x8001caf8       0x2c /opt/devkitpro/libogc/lib/cube/libogc.a(gx.o)
                0x8001caf8                GX_SetCullMode
 .text.GX_SetScissor
                0x8001cb24       0x78 /opt/devkitpro/libogc/lib/cube/libogc.a(gx.o)
                0x8001cb24                GX_SetScissor
 .text.GX_SetNumChans
                0x8001cb9c       0x28 /opt/devkitpro/libogc/lib/cube/libogc.a(gx.o)
                0x8001cb9c                GX_SetNumChans
 .text.GX_SetTevOrder
                0x8001cbc4      0x178 /opt/devkitpro/libogc/lib/cube/libogc.a(gx.o)
                0x8001cbc4                GX_SetTevOrder
 .text.GX_SetTevKColorSel
                0x8001cd3c       0x54 /opt/devkitpro/libogc/lib/cube/libogc.a(gx.o)
                0x8001cd3c                GX_SetTevKColorSel
 .text.GX_SetTevKAlphaSel
                0x8001cd90       0x54 /opt/devkitpro/libogc/lib/cube/libogc.a(gx.o)
                0x8001cd90                GX_SetTevKAlphaSel
 .text.GX_SetTevSwapModeTable
                0x8001cde4       0x64 /opt/devkitpro/libogc/lib/cube/libogc.a(gx.o)
                0x8001cde4                GX_SetTevSwapModeTable
 .text.GX_SetFog
                0x8001ce48      0x244 /opt/devkitpro/libogc/lib/cube/libogc.a(gx.o)
                0x8001ce48                GX_SetFog
 .text.GX_SetPixelFmt
                0x8001d08c       0xe0 /opt/devkitpro/libogc/lib/cube/libogc.a(gx.o)
                0x8001d08c                GX_SetPixelFmt
 .text.GX_SetFieldMode
                0x8001d16c       0x58 /opt/devkitpro/libogc/lib/cube/libogc.a(gx.o)
                0x8001d16c                GX_SetFieldMode
 .text.GX_SetGPMetric
                0x8001d1c4      0x7fc /opt/devkitpro/libogc/lib/cube/libogc.a(gx.o)
                0x8001d1c4                GX_SetGPMetric
 .text.GX_Init  0x8001d9c0     0x11b8 /opt/devkitpro/libogc/lib/cube/libogc.a(gx.o)
                0x8001d9c0                GX_Init
 .text.GX_GetYScaleFactor
                0x8001eb78      0x2c0 /opt/devkitpro/libogc/lib/cube/libogc.a(gx.o)
                0x8001eb78                GX_GetYScaleFactor
 .text.guPerspective
                0x8001ee38       0xd8 /opt/devkitpro/libogc/lib/cube/libogc.a(gu.o)
                0x8001ee38                guPerspective
 .text.guOrtho  0x8001ef10       0x98 /opt/devkitpro/libogc/lib/cube/libogc.a(gu.o)
                0x8001ef10                guOrtho
 .text.guLookAt
                0x8001efa8      0x13c /opt/devkitpro/libogc/lib/cube/libogc.a(gu.o)
                0x8001efa8                guLookAt
 .text          0x8001f0e4      0x8dc /opt/devkitpro/libogc/lib/cube/libogc.a(gu_psasm.o)
                0x8001f0e4                ps_guMtxConcat
                0x8001f1a8                ps_guMtxIdentity
                0x8001f1d4                ps_guMtxCopy
                0x8001f208                ps_guMtxTranspose
                0x8001f258                ps_guMtxInverse
                0x8001f350                ps_guMtxInvXpose
                0x8001f418                ps_guMtxScale
                0x8001f440                ps_guMtxScaleApply
                0x8001f498                ps_guMtxApplyScale
                0x8001f4fc                ps_guMtxTrans
                0x8001f530                ps_guMtxTransApply
                0x8001f57c                ps_guMtxApplyTrans
                0x8001f5f8                ps_guMtxRotTrig
                0x8001f6a8                __ps_guMtxRotAxisRadInternal
                0x8001f768                ps_guMtxReflect
                0x8001f7d8                ps_guVecAdd
                0x8001f7fc                ps_guVecSub
                0x8001f820                ps_guVecScale
                0x8001f83c                ps_guVecNormalize
                0x8001f880                ps_guVecCross
                0x8001f8bc                ps_guVecDotProduct
                0x8001f8dc                ps_guVecMultiply
                0x8001f930                ps_guVecMultiplySR
                0x8001f9a0                ps_guQuatDotProduct
 .text.__si_transfer
                0x8001f9c0      0x1b8 /opt/devkitpro/libogc/lib/cube/libogc.a(si.o)
 .text.__si_alarmhandler
                0x8001fb78       0xa0 /opt/devkitpro/libogc/lib/cube/libogc.a(si.o)
 .text.__si_completetransfer
                0x8001fc18      0x1f4 /opt/devkitpro/libogc/lib/cube/libogc.a(si.o)
 .text.__si_transfernext
                0x8001fe0c       0xd8 /opt/devkitpro/libogc/lib/cube/libogc.a(si.o)
 .text.SI_Busy  0x8001fee4       0x18 /opt/devkitpro/libogc/lib/cube/libogc.a(si.o)
                0x8001fee4                SI_Busy
 .text.SI_IsChanBusy
                0x8001fefc       0x38 /opt/devkitpro/libogc/lib/cube/libogc.a(si.o)
                0x8001fefc                SI_IsChanBusy
 .text.SI_EnablePolling
                0x8001ff34       0x64 /opt/devkitpro/libogc/lib/cube/libogc.a(si.o)
                0x8001ff34                SI_EnablePolling
 .text.SI_DisablePolling
                0x8001ff98       0x44 /opt/devkitpro/libogc/lib/cube/libogc.a(si.o)
                0x8001ff98                SI_DisablePolling
 .text.SI_SetSamplingRate
                0x8001ffdc      0x108 /opt/devkitpro/libogc/lib/cube/libogc.a(si.o)
                0x8001ffdc                SI_SetSamplingRate
 .text.SI_RefreshSamplingRate
                0x800200e4        0x8 /opt/devkitpro/libogc/lib/cube/libogc.a(si.o)
                0x800200e4                SI_RefreshSamplingRate
 .text.SI_GetStatus
                0x800200ec       0x6c /opt/devkitpro/libogc/lib/cube/libogc.a(si.o)
                0x800200ec                SI_GetStatus
 .text.SI_GetResponseRaw
                0x80020158       0xd4 /opt/devkitpro/libogc/lib/cube/libogc.a(si.o)
                0x80020158                SI_GetResponseRaw
 .text.SI_GetResponse
                0x8002022c       0xa4 /opt/devkitpro/libogc/lib/cube/libogc.a(si.o)
                0x8002022c                SI_GetResponse
 .text.SI_SetCommand
                0x800202d0       0x10 /opt/devkitpro/libogc/lib/cube/libogc.a(si.o)
                0x800202d0                SI_SetCommand
 .text.SI_Transfer
                0x800202e0      0x2cc /opt/devkitpro/libogc/lib/cube/libogc.a(si.o)
                0x800202e0                SI_Transfer
 .text.__si_gettypecallback
                0x800205ac      0x2b8 /opt/devkitpro/libogc/lib/cube/libogc.a(si.o)
 .text.__si_interrupthandler
                0x80020864      0x278 /opt/devkitpro/libogc/lib/cube/libogc.a(si.o)
 .text.SI_GetType
                0x80020adc      0x1fc /opt/devkitpro/libogc/lib/cube/libogc.a(si.o)
                0x80020adc                SI_GetType
 .text.SI_GetTypeAsync
                0x80020cd8      0x134 /opt/devkitpro/libogc/lib/cube/libogc.a(si.o)
                0x80020cd8                SI_GetTypeAsync
 .text.SI_EnablePollingInterrupt
                0x80020e0c       0x80 /opt/devkitpro/libogc/lib/cube/libogc.a(si.o)
                0x80020e0c                SI_EnablePollingInterrupt
 .text.SI_UnregisterPollingHandler
                0x80020e8c       0xd8 /opt/devkitpro/libogc/lib/cube/libogc.a(si.o)
                0x80020e8c                SI_UnregisterPollingHandler
 .text.__si_init
                0x80020f64       0xe0 /opt/devkitpro/libogc/lib/cube/libogc.a(si.o)
                0x80020f64                __si_init
 .text.settime  0x80021044       0x14 /opt/devkitpro/libogc/lib/cube/libogc.a(timesupp.o)
                0x80021044                settime
 .text.udelay   0x80021058       0xac /opt/devkitpro/libogc/lib/cube/libogc.a(timesupp.o)
                0x80021058                udelay
 .text._sbrk_r  0x80021104       0xcc /opt/devkitpro/libogc/lib/cube/libogc.a(sbrk.o)
                0x80021104                _sbrk_r
 .text.__CheckARGV
                0x800211d0       0x80 /opt/devkitpro/libogc/lib/cube/libogc.a(argv.o)
                0x800211d0                __CheckARGV
 .text.__libogc_panic
                0x80021250      0x3cc /opt/devkitpro/libogc/lib/cube/libogc.a(default_panic.o)
                0x80021250                __libogc_panic
 .text.lwpc_alarm_cb
                0x8002161c       0x10 /opt/devkitpro/libogc/lib/cube/libogc.a(lwpc_alarm.o)
 .text.SYS_CreateAlarm
                0x8002162c       0x74 /opt/devkitpro/libogc/lib/cube/libogc.a(lwpc_alarm.o)
                0x8002162c                SYS_CreateAlarm
 .text.SYS_SetAlarm
                0x800216a0      0x108 /opt/devkitpro/libogc/lib/cube/libogc.a(lwpc_alarm.o)
                0x800216a0                SYS_SetAlarm
 .text.SYS_CancelAlarm
                0x800217a8       0x34 /opt/devkitpro/libogc/lib/cube/libogc.a(lwpc_alarm.o)
                0x800217a8                SYS_CancelAlarm
 .text.LWP_InitQueue
                0x800217dc       0xdc /opt/devkitpro/libogc/lib/cube/libogc.a(lwpc_queue.o)
                0x800217dc                LWP_InitQueue
 .text.LWP_ThreadSleep
                0x800218b8       0x44 /opt/devkitpro/libogc/lib/cube/libogc.a(lwpc_queue.o)
                0x800218b8                LWP_ThreadSleep
 .text.LWP_ThreadBroadcast
                0x800218fc       0x1c /opt/devkitpro/libogc/lib/cube/libogc.a(lwpc_queue.o)
                0x800218fc                LWP_ThreadBroadcast
 .text.LWP_SuspendThread
                0x80021918       0x40 /opt/devkitpro/libogc/lib/cube/libogc.a(lwpc_thread.o)
                0x80021918                LWP_SuspendThread
 .text.LWP_ResumeThread
                0x80021958       0x40 /opt/devkitpro/libogc/lib/cube/libogc.a(lwpc_thread.o)
                0x80021958                LWP_ResumeThread
 .text.LWP_GetSelf
                0x80021998        0xc /opt/devkitpro/libogc/lib/cube/libogc.a(lwpc_thread.o)
                0x80021998                LWP_GetSelf
 .text.RGB8_to_YCbCr
                0x800219a4      0x144 /opt/devkitpro/libogc/lib/cube/libogc.a(console.o)
 .text.__console_drawc.part.0
                0x80021ae8      0x274 /opt/devkitpro/libogc/lib/cube/libogc.a(console.o)
 .text.__console_clear
                0x80021d5c      0x190 /opt/devkitpro/libogc/lib/cube/libogc.a(console.o)
 .text.__set_default_console
                0x80021eec      0x108 /opt/devkitpro/libogc/lib/cube/libogc.a(console.o)
 .text.__console_clear_line
                0x80021ff4      0x174 /opt/devkitpro/libogc/lib/cube/libogc.a(console.o)
 .text.__console_init
                0x80022168       0x54 /opt/devkitpro/libogc/lib/cube/libogc.a(console.o)
                0x80022168                __console_init
 .text.newRow   0x800221bc      0x134 /opt/devkitpro/libogc/lib/cube/libogc.a(console.o)
                0x800221bc                newRow
 .text.consolePrintChar.part.0
                0x800222f0      0x220 /opt/devkitpro/libogc/lib/cube/libogc.a(console.o)
 .text.__console_write
                0x80022510      0xe60 /opt/devkitpro/libogc/lib/cube/libogc.a(console.o)
                0x80022510                __console_write
 .text.CON_EnableGecko
                0x80023370       0xf8 /opt/devkitpro/libogc/lib/cube/libogc.a(console.o)
                0x80023370                CON_EnableGecko
 .text.__lwp_wkspace_init
                0x80023468       0xa4 /opt/devkitpro/libogc/lib/cube/libogc.a(lwp_wkspace.o)
                0x80023468                __lwp_wkspace_init
 .text.__lwp_heap_init
                0x8002350c       0x90 /opt/devkitpro/libogc/lib/cube/libogc.a(lwp_heap.o)
                0x8002350c                __lwp_heap_init
 .text.__lwp_heap_allocate
                0x8002359c      0x14c /opt/devkitpro/libogc/lib/cube/libogc.a(lwp_heap.o)
                0x8002359c                __lwp_heap_allocate
 .text.__exi_irq_handler
                0x800236e8       0x58 /opt/devkitpro/libogc/lib/cube/libogc.a(exi.o)
 .text.__ext_irq_handler
                0x80023740       0xc8 /opt/devkitpro/libogc/lib/cube/libogc.a(exi.o)
 .text.__tc_irq_handler
                0x80023808      0x164 /opt/devkitpro/libogc/lib/cube/libogc.a(exi.o)
 .text.__exi_probe
                0x8002396c      0x23c /opt/devkitpro/libogc/lib/cube/libogc.a(exi.o)
 .text.__exi_attach
                0x80023ba8      0x104 /opt/devkitpro/libogc/lib/cube/libogc.a(exi.o)
 .text.EXI_Lock
                0x80023cac      0x244 /opt/devkitpro/libogc/lib/cube/libogc.a(exi.o)
                0x80023cac                EXI_Lock
 .text.EXI_Unlock
                0x80023ef0      0x290 /opt/devkitpro/libogc/lib/cube/libogc.a(exi.o)
                0x80023ef0                EXI_Unlock
 .text.EXI_Select
                0x80024180      0x204 /opt/devkitpro/libogc/lib/cube/libogc.a(exi.o)
                0x80024180                EXI_Select
 .text.EXI_Deselect
                0x80024384      0x154 /opt/devkitpro/libogc/lib/cube/libogc.a(exi.o)
                0x80024384                EXI_Deselect
 .text.EXI_Sync
                0x800244d8      0x114 /opt/devkitpro/libogc/lib/cube/libogc.a(exi.o)
                0x800244d8                EXI_Sync
 .text.EXI_Imm  0x800245ec      0x1d8 /opt/devkitpro/libogc/lib/cube/libogc.a(exi.o)
                0x800245ec                EXI_Imm
 .text.EXI_ImmEx
                0x800247c4       0xbc /opt/devkitpro/libogc/lib/cube/libogc.a(exi.o)
                0x800247c4                EXI_ImmEx
 .text.EXI_Dma  0x80024880      0x138 /opt/devkitpro/libogc/lib/cube/libogc.a(exi.o)
                0x80024880                EXI_Dma
 .text.EXI_Detach
                0x800249b8       0xbc /opt/devkitpro/libogc/lib/cube/libogc.a(exi.o)
                0x800249b8                EXI_Detach
 .text.EXI_GetID
                0x80024a74      0x358 /opt/devkitpro/libogc/lib/cube/libogc.a(exi.o)
                0x80024a74                EXI_GetID
 .text.__unlocked_handler
                0x80024dcc       0x28 /opt/devkitpro/libogc/lib/cube/libogc.a(exi.o)
 .text.EXI_ProbeReset
                0x80024df4       0x70 /opt/devkitpro/libogc/lib/cube/libogc.a(exi.o)
                0x80024df4                EXI_ProbeReset
 .text.__exi_init
                0x80024e64      0x17c /opt/devkitpro/libogc/lib/cube/libogc.a(exi.o)
                0x80024e64                __exi_init
 .text          0x80024fe0      0x32c /opt/devkitpro/libogc/lib/cube/libogc.a(cache_asm.o)
                0x80024fe0                DCFlashInvalidate
                0x80024ff4                DCEnable
                0x80025008                DCDisable
                0x8002501c                DCFreeze
                0x80025030                DCUnfreeze
                0x80025044                ICFlashInvalidate
                0x80025058                ICEnable
                0x8002506c                ICDisable
                0x80025080                ICFreeze
                0x80025094                ICUnfreeze
                0x800250a8                L2Init
                0x800250f0                L2Enable
                0x8002510c                L2Disable
                0x80025124                L2GlobalInvalidate
                0x8002517c                __LCEnable
                0x80025248                LCDisable
                0x80025270                LCAllocOneTag
                0x80025284                LCAllocTags
                0x800252c4                LCLoadBlocks
                0x800252e8                LCStoreBlocks
 .text.__usbgecko_exi_unlock
                0x8002530c       0x34 /opt/devkitpro/libogc/lib/cube/libogc.a(usbgecko.o)
 .text.usb_isgeckoalive
                0x80025340      0x1bc /opt/devkitpro/libogc/lib/cube/libogc.a(usbgecko.o)
                0x80025340                usb_isgeckoalive
 .text.usb_sendbuffer_ex
                0x800254fc      0x208 /opt/devkitpro/libogc/lib/cube/libogc.a(usbgecko.o)
                0x800254fc                usb_sendbuffer_ex
 .text.usb_sendbuffer
                0x80025704        0x8 /opt/devkitpro/libogc/lib/cube/libogc.a(usbgecko.o)
                0x80025704                usb_sendbuffer
 .text.usb_sendbuffer_safe_ex
                0x8002570c      0x2a0 /opt/devkitpro/libogc/lib/cube/libogc.a(usbgecko.o)
                0x8002570c                usb_sendbuffer_safe_ex
 .text.usb_sendbuffer_safe
                0x800259ac        0x8 /opt/devkitpro/libogc/lib/cube/libogc.a(usbgecko.o)
                0x800259ac                usb_sendbuffer_safe
 .text._dietPrintDefaultFunc
                0x800259b4       0xc8 /opt/devkitpro/libogc/lib/cube/libogc.a(kprintf.o)
 .text._dietPrintWidth
                0x80025a7c       0xe4 /opt/devkitpro/libogc/lib/cube/libogc.a(kprintf.o)
                0x80025a7c                _dietPrintWidth
 .text._dietPrintHex32
                0x80025b60      0x294 /opt/devkitpro/libogc/lib/cube/libogc.a(kprintf.o)
 .text._dietPrintHex64
                0x80025df4       0xc8 /opt/devkitpro/libogc/lib/cube/libogc.a(kprintf.o)
                0x80025df4                _dietPrintHex64
 .text.dietPrintV
                0x80025ebc      0x8b4 /opt/devkitpro/libogc/lib/cube/libogc.a(kprintf.o)
                0x80025ebc                dietPrintV
 .text.kprintf  0x80026770       0x84 /opt/devkitpro/libogc/lib/cube/libogc.a(kprintf.o)
                0x80026770                kprintf
 .text.__lwp_queue_initialize
                0x800267f4       0x98 /opt/devkitpro/libogc/lib/cube/libogc.a(lwp_queue.o)
                0x800267f4                __lwp_queue_initialize
 .text.ceilf    0x8002688c      0x110 /opt/devkitpro/devkitPPC/lib/gcc/powerpc-eabi/16.1.0/../../../../powerpc-eabi/lib/libm.a(libm_a-sf_ceil.o)
                0x8002688c                ceilf
 .text.cosf     0x8002699c       0xd4 /opt/devkitpro/devkitPPC/lib/gcc/powerpc-eabi/16.1.0/../../../../powerpc-eabi/lib/libm.a(libm_a-sf_cos.o)
                0x8002699c                cosf
 .text.sqrtf    0x80026a70       0x70 /opt/devkitpro/devkitPPC/lib/gcc/powerpc-eabi/16.1.0/../../../../powerpc-eabi/lib/libm.a(libm_a-wf_sqrt.o)
                0x80026a70                sqrtf
 .text.atan2f   0x80026ae0        0x4 /opt/devkitpro/devkitPPC/lib/gcc/powerpc-eabi/16.1.0/../../../../powerpc-eabi/lib/libm.a(libm_a-wf_atan2.o)
                0x80026ae0                atan2f
 .text.tanf     0x80026ae4       0x88 /opt/devkitpro/devkitPPC/lib/gcc/powerpc-eabi/16.1.0/../../../../powerpc-eabi/lib/libm.a(libm_a-sf_tan.o)
                0x80026ae4                tanf
 .text.powf     0x80026b6c      0x150 /opt/devkitpro/devkitPPC/lib/gcc/powerpc-eabi/16.1.0/../../../../powerpc-eabi/lib/libm.a(libm_a-wf_pow.o)
                0x80026b6c                powf
 .text.__kernel_cosf
                0x80026cbc      0x180 /opt/devkitpro/devkitPPC/lib/gcc/powerpc-eabi/16.1.0/../../../../powerpc-eabi/lib/libm.a(libm_a-kf_cos.o)
                0x80026cbc                __kernel_cosf
 .text.sinf     0x80026e3c       0xd8 /opt/devkitpro/devkitPPC/lib/gcc/powerpc-eabi/16.1.0/../../../../powerpc-eabi/lib/libm.a(libm_a-sf_sin.o)
                0x80026e3c                sinf
 .text.finitef  0x80026f14       0x28 /opt/devkitpro/devkitPPC/lib/gcc/powerpc-eabi/16.1.0/../../../../powerpc-eabi/lib/libm.a(libm_a-sf_finite.o)
                0x80026f14                finitef
 .text.sincosf  0x80026f3c       0x58 /opt/devkitpro/devkitPPC/lib/gcc/powerpc-eabi/16.1.0/../../../../powerpc-eabi/lib/libm.a(libm_a-wf_sincos.o)
                0x80026f3c                sincosf
 .text.__ieee754_sqrtf
                0x80026f94      0x160 /opt/devkitpro/devkitPPC/lib/gcc/powerpc-eabi/16.1.0/../../../../powerpc-eabi/lib/libm.a(libm_a-ef_sqrt.o)
                0x80026f94                __ieee754_sqrtf
 .text.__ieee754_atan2f
                0x800270f4      0x248 /opt/devkitpro/devkitPPC/lib/gcc/powerpc-eabi/16.1.0/../../../../powerpc-eabi/lib/libm.a(libm_a-ef_atan2.o)
                0x800270f4                __ieee754_atan2f
 .text.atanf    0x8002733c      0x278 /opt/devkitpro/devkitPPC/lib/gcc/powerpc-eabi/16.1.0/../../../../powerpc-eabi/lib/libm.a(libm_a-sf_atan.o)
                0x8002733c                atanf
 .text.__kernel_sinf
                0x800275b4       0xcc /opt/devkitpro/devkitPPC/lib/gcc/powerpc-eabi/16.1.0/../../../../powerpc-eabi/lib/libm.a(libm_a-kf_sin.o)
                0x800275b4                __kernel_sinf
 .text.__ieee754_rem_pio2f
                0x80027680      0x418 /opt/devkitpro/devkitPPC/lib/gcc/powerpc-eabi/16.1.0/../../../../powerpc-eabi/lib/libm.a(libm_a-ef_rem_pio2.o)
                0x80027680                __ieee754_rem_pio2f
 .text.__kernel_tanf
                0x80027a98      0x2bc /opt/devkitpro/devkitPPC/lib/gcc/powerpc-eabi/16.1.0/../../../../powerpc-eabi/lib/libm.a(libm_a-kf_tan.o)
                0x80027a98                __kernel_tanf
 .text.fabsf    0x80027d54       0x20 /opt/devkitpro/devkitPPC/lib/gcc/powerpc-eabi/16.1.0/../../../../powerpc-eabi/lib/libm.a(libm_a-sf_fabs.o)
                0x80027d54                fabsf
 .text.__kernel_rem_pio2f
                0x80027d74      0xf70 /opt/devkitpro/devkitPPC/lib/gcc/powerpc-eabi/16.1.0/../../../../powerpc-eabi/lib/libm.a(libm_a-kf_rem_pio2.o)
                0x80027d74                __kernel_rem_pio2f
 .text.floorf   0x80028ce4      0x10c /opt/devkitpro/devkitPPC/lib/gcc/powerpc-eabi/16.1.0/../../../../powerpc-eabi/lib/libm.a(libm_a-sf_floor.o)
                0x80028ce4                floorf
 .text.__ieee754_powf
                0x80028df0      0xaac /opt/devkitpro/devkitPPC/lib/gcc/powerpc-eabi/16.1.0/../../../../powerpc-eabi/lib/libm.a(libm_a-ef_pow.o)
                0x80028df0                __ieee754_powf
 .text.scalbnf  0x8002989c      0x18c /opt/devkitpro/devkitPPC/lib/gcc/powerpc-eabi/16.1.0/../../../../powerpc-eabi/lib/libm.a(libm_a-sf_scalbn.o)
                0x8002989c                scalbnf
 .text.with_errnof
                0x80029a28       0x38 /opt/devkitpro/devkitPPC/lib/gcc/powerpc-eabi/16.1.0/../../../../powerpc-eabi/lib/libm.a(libm_a-math_errf.o)
 .text.xflowf   0x80029a60       0x1c /opt/devkitpro/devkitPPC/lib/gcc/powerpc-eabi/16.1.0/../../../../powerpc-eabi/lib/libm.a(libm_a-math_errf.o)
 .text.__math_uflowf
                0x80029a7c        0xc /opt/devkitpro/devkitPPC/lib/gcc/powerpc-eabi/16.1.0/../../../../powerpc-eabi/lib/libm.a(libm_a-math_errf.o)
                0x80029a7c                __math_uflowf
 .text.__math_oflowf
                0x80029a88        0xc /opt/devkitpro/devkitPPC/lib/gcc/powerpc-eabi/16.1.0/../../../../powerpc-eabi/lib/libm.a(libm_a-math_errf.o)
                0x80029a88                __math_oflowf
 .text.__udivdi3
                0x80029a94      0x3c4 /opt/devkitpro/devkitPPC/lib/gcc/powerpc-eabi/16.1.0/libgcc.a(_udivdi3.o)
                0x80029a94                __udivdi3
 .text.__umoddi3
                0x80029e58      0x380 /opt/devkitpro/devkitPPC/lib/gcc/powerpc-eabi/16.1.0/libgcc.a(_umoddi3.o)
                0x80029e58                __umoddi3
 .text.__assert_func
                0x8002a1d8       0x24 /opt/devkitpro/devkitPPC/lib/gcc/powerpc-eabi/16.1.0/../../../../powerpc-eabi/lib/libsysbase.a(libsysbase_libsysbase_a-assert.o)
                0x8002a1d8                __assert_func
 .text.build_argv
                0x8002a1fc      0x130 /opt/devkitpro/devkitPPC/lib/gcc/powerpc-eabi/16.1.0/../../../../powerpc-eabi/lib/libsysbase.a(libsysbase_libsysbase_a-build_argv.o)
                0x8002a1fc                build_argv
 .text.null_write
                0x8002a32c        0x8 /opt/devkitpro/devkitPPC/lib/gcc/powerpc-eabi/16.1.0/../../../../powerpc-eabi/lib/libsysbase.a(libsysbase_libsysbase_a-iosupport.o)
 .text.FindDevice
                0x8002a334      0x108 /opt/devkitpro/devkitPPC/lib/gcc/powerpc-eabi/16.1.0/../../../../powerpc-eabi/lib/libsysbase.a(libsysbase_libsysbase_a-iosupport.o)
                0x8002a334                FindDevice
 .text.AddDevice
                0x8002a43c       0xf4 /opt/devkitpro/devkitPPC/lib/gcc/powerpc-eabi/16.1.0/../../../../powerpc-eabi/lib/libsysbase.a(libsysbase_libsysbase_a-iosupport.o)
                0x8002a43c                AddDevice
 .text._exit    0x8002a530       0x28 /opt/devkitpro/devkitPPC/lib/gcc/powerpc-eabi/16.1.0/../../../../powerpc-eabi/lib/libsysbase.a(libsysbase_libsysbase_a-_exit.o)
                0x8002a530                _exit
 .text.ftell    0x8002a558       0x54 /opt/devkitpro/devkitPPC/lib/gcc/powerpc-eabi/16.1.0/../../../../powerpc-eabi/lib/libc.a(libc_a-ftell.o)
                0x8002a558                ftell
 .text.sscanf   0x8002a5ac       0xdc /opt/devkitpro/devkitPPC/lib/gcc/powerpc-eabi/16.1.0/../../../../powerpc-eabi/lib/libc.a(libc_a-sscanf.o)
                0x8002a5ac                sscanf
 .text.critical_factorization
                0x8002a688      0x140 /opt/devkitpro/devkitPPC/lib/gcc/powerpc-eabi/16.1.0/../../../../powerpc-eabi/lib/libc.a(libc_a-strstr.o)
 .text.two_way_long_needle
                0x8002a7c8      0x440 /opt/devkitpro/devkitPPC/lib/gcc/powerpc-eabi/16.1.0/../../../../powerpc-eabi/lib/libc.a(libc_a-strstr.o)
 .text.strstr   0x8002ac08      0x2c0 /opt/devkitpro/devkitPPC/lib/gcc/powerpc-eabi/16.1.0/../../../../powerpc-eabi/lib/libc.a(libc_a-strstr.o)
                0x8002ac08                strstr
 .text.memcpy   0x8002aec8      0x14c /opt/devkitpro/devkitPPC/lib/gcc/powerpc-eabi/16.1.0/../../../../powerpc-eabi/lib/libc.a(libc_a-memcpy.o)
                0x8002aec8                memcpy
 .text.strlen   0x8002b014       0x80 /opt/devkitpro/devkitPPC/lib/gcc/powerpc-eabi/16.1.0/../../../../powerpc-eabi/lib/libc.a(libc_a-strlen.o)
                0x8002b014                strlen
 .text._fread_r
                0x8002b094      0x3c4 /opt/devkitpro/devkitPPC/lib/gcc/powerpc-eabi/16.1.0/../../../../powerpc-eabi/lib/libc.a(libc_a-fread.o)
                0x8002b094                _fread_r
 .text.fread    0x8002b458       0x60 /opt/devkitpro/devkitPPC/lib/gcc/powerpc-eabi/16.1.0/../../../../powerpc-eabi/lib/libc.a(libc_a-fread.o)
                0x8002b458                fread
 .text.get_arg  0x8002b4b8       0xb4 /opt/devkitpro/devkitPPC/lib/gcc/powerpc-eabi/16.1.0/../../../../powerpc-eabi/lib/libc.a(libc_a-svfscanf.o)
 .text.__ssvfscanf_r
                0x8002b56c     0x2fc4 /opt/devkitpro/devkitPPC/lib/gcc/powerpc-eabi/16.1.0/../../../../powerpc-eabi/lib/libc.a(libc_a-svfscanf.o)
                0x8002b56c                __ssvfscanf_r
 .text._fopen_r
                0x8002e530      0x184 /opt/devkitpro/devkitPPC/lib/gcc/powerpc-eabi/16.1.0/../../../../powerpc-eabi/lib/libc.a(libc_a-fopen.o)
                0x8002e530                _fopen_r
 .text.fopen    0x8002e6b4       0x40 /opt/devkitpro/devkitPPC/lib/gcc/powerpc-eabi/16.1.0/../../../../powerpc-eabi/lib/libc.a(libc_a-fopen.o)
                0x8002e6b4                fopen
 .text.sulp     0x8002e6f4       0x84 /opt/devkitpro/devkitPPC/lib/gcc/powerpc-eabi/16.1.0/../../../../powerpc-eabi/lib/libc.a(libc_a-strtod.o)
 .text._strtod_l
                0x8002e778     0x1900 /opt/devkitpro/devkitPPC/lib/gcc/powerpc-eabi/16.1.0/../../../../powerpc-eabi/lib/libc.a(libc_a-strtod.o)
                0x8002e778                _strtod_l
 .text._strtod_r
                0x80030078       0x8c /opt/devkitpro/devkitPPC/lib/gcc/powerpc-eabi/16.1.0/../../../../powerpc-eabi/lib/libc.a(libc_a-strtod.o)
                0x80030078                _strtod_r
 .text.strtod   0x80030104       0x90 /opt/devkitpro/devkitPPC/lib/gcc/powerpc-eabi/16.1.0/../../../../powerpc-eabi/lib/libc.a(libc_a-strtod.o)
                0x80030104                strtod
 .text.memalign
                0x80030194       0x40 /opt/devkitpro/devkitPPC/lib/gcc/powerpc-eabi/16.1.0/../../../../powerpc-eabi/lib/libc.a(libc_a-malign.o)
                0x80030194                memalign
 .text._strtoull_l.isra.0
                0x800301d4      0x2f8 /opt/devkitpro/devkitPPC/lib/gcc/powerpc-eabi/16.1.0/../../../../powerpc-eabi/lib/libc.a(libc_a-strtoull.o)
 .text._strtoull_r
                0x800304cc       0x60 /opt/devkitpro/devkitPPC/lib/gcc/powerpc-eabi/16.1.0/../../../../powerpc-eabi/lib/libc.a(libc_a-strtoull.o)
                0x800304cc                _strtoull_r
 .text.rshift   0x8003052c      0x174 /opt/devkitpro/devkitPPC/lib/gcc/powerpc-eabi/16.1.0/../../../../powerpc-eabi/lib/libc.a(libc_a-gdtoa-gethex.o)
 .text.__gethex
                0x800306a0      0x9f8 /opt/devkitpro/devkitPPC/lib/gcc/powerpc-eabi/16.1.0/../../../../powerpc-eabi/lib/libc.a(libc_a-gdtoa-gethex.o)
                0x800306a0                __gethex
 .text.snprintf
                0x80031098      0x130 /opt/devkitpro/devkitPPC/lib/gcc/powerpc-eabi/16.1.0/../../../../powerpc-eabi/lib/libc.a(libc_a-snprintf.o)
                0x80031098                snprintf
 .text._strtoul_l.isra.0
                0x800311c8      0x218 /opt/devkitpro/devkitPPC/lib/gcc/powerpc-eabi/16.1.0/../../../../powerpc-eabi/lib/libc.a(libc_a-strtoul.o)
 .text._strtoul_r
                0x800313e0       0x60 /opt/devkitpro/devkitPPC/lib/gcc/powerpc-eabi/16.1.0/../../../../powerpc-eabi/lib/libc.a(libc_a-strtoul.o)
                0x800313e0                _strtoul_r
 .text.__submore
                0x80031440       0xe8 /opt/devkitpro/devkitPPC/lib/gcc/powerpc-eabi/16.1.0/../../../../powerpc-eabi/lib/libc.a(libc_a-ungetc.o)
                0x80031440                __submore
 .text._ungetc_r
                0x80031528      0x2f4 /opt/devkitpro/devkitPPC/lib/gcc/powerpc-eabi/16.1.0/../../../../powerpc-eabi/lib/libc.a(libc_a-ungetc.o)
                0x80031528                _ungetc_r
 .text.ungetc   0x8003181c       0x40 /opt/devkitpro/devkitPPC/lib/gcc/powerpc-eabi/16.1.0/../../../../powerpc-eabi/lib/libc.a(libc_a-ungetc.o)
                0x8003181c                ungetc
 .text._mbrtowc_r
                0x8003185c      0x120 /opt/devkitpro/devkitPPC/lib/gcc/powerpc-eabi/16.1.0/../../../../powerpc-eabi/lib/libc.a(libc_a-mbrtowc.o)
                0x8003185c                _mbrtowc_r
 .text.strchr   0x8003197c      0x154 /opt/devkitpro/devkitPPC/lib/gcc/powerpc-eabi/16.1.0/../../../../powerpc-eabi/lib/libc.a(libc_a-strchr.o)
                0x8003197c                strchr
 .text.memcmp   0x80031ad0      0x124 /opt/devkitpro/devkitPPC/lib/gcc/powerpc-eabi/16.1.0/../../../../powerpc-eabi/lib/libc.a(libc_a-memcmp.o)
                0x80031ad0                memcmp
 .text._fgets_r
                0x80031bf4      0x1e0 /opt/devkitpro/devkitPPC/lib/gcc/powerpc-eabi/16.1.0/../../../../powerpc-eabi/lib/libc.a(libc_a-fgets.o)
                0x80031bf4                _fgets_r
 .text.fgets    0x80031dd4       0x50 /opt/devkitpro/devkitPPC/lib/gcc/powerpc-eabi/16.1.0/../../../../powerpc-eabi/lib/libc.a(libc_a-fgets.o)
                0x80031dd4                fgets
 .text.calloc   0x80031e24       0x40 /opt/devkitpro/devkitPPC/lib/gcc/powerpc-eabi/16.1.0/../../../../powerpc-eabi/lib/libc.a(libc_a-calloc.o)
                0x80031e24                calloc
 .text.__sccl   0x80031e64      0x16c /opt/devkitpro/devkitPPC/lib/gcc/powerpc-eabi/16.1.0/../../../../powerpc-eabi/lib/libc.a(libc_a-sccl.o)
                0x80031e64                __sccl
 .text._memalign_r
                0x80031fd0      0x1dc /opt/devkitpro/devkitPPC/lib/gcc/powerpc-eabi/16.1.0/../../../../powerpc-eabi/lib/libc.a(libc_a-malignr.o)
                0x80031fd0                _memalign_r
 .text.__errno  0x800321ac       0x20 /opt/devkitpro/devkitPPC/lib/gcc/powerpc-eabi/16.1.0/../../../../powerpc-eabi/lib/libc.a(libc_a-errno.o)
                0x800321ac                __errno
 .text.__smakebuf_r
                0x800321cc      0x1b0 /opt/devkitpro/devkitPPC/lib/gcc/powerpc-eabi/16.1.0/../../../../powerpc-eabi/lib/libc.a(libc_a-makebuf.o)
                0x800321cc                __smakebuf_r
 .text.__swhatbuf_r
                0x8003237c      0x118 /opt/devkitpro/devkitPPC/lib/gcc/powerpc-eabi/16.1.0/../../../../powerpc-eabi/lib/libc.a(libc_a-makebuf.o)
                0x8003237c                __swhatbuf_r
 .text._strtoll_l.isra.0
                0x80032494      0x304 /opt/devkitpro/devkitPPC/lib/gcc/powerpc-eabi/16.1.0/../../../../powerpc-eabi/lib/libc.a(libc_a-strtoll.o)
 .text._strtoll_r
                0x80032798       0x60 /opt/devkitpro/devkitPPC/lib/gcc/powerpc-eabi/16.1.0/../../../../powerpc-eabi/lib/libc.a(libc_a-strtoll.o)
                0x80032798                _strtoll_r
 .text.__locale_mb_cur_max
                0x800327f8       0x4c /opt/devkitpro/devkitPPC/lib/gcc/powerpc-eabi/16.1.0/../../../../powerpc-eabi/lib/libc.a(libc_a-locale.o)
                0x800327f8                __locale_mb_cur_max
 .text.memset   0x80032844      0x180 /opt/devkitpro/devkitPPC/lib/gcc/powerpc-eabi/16.1.0/../../../../powerpc-eabi/lib/libc.a(libc_a-memset.o)
                0x80032844                memset
 .text._calloc_r
                0x800329c4       0xf8 /opt/devkitpro/devkitPPC/lib/gcc/powerpc-eabi/16.1.0/../../../../powerpc-eabi/lib/libc.a(libc_a-callocr.o)
                0x800329c4                _calloc_r
 .text.__sflush_r
                0x80032abc      0x300 /opt/devkitpro/devkitPPC/lib/gcc/powerpc-eabi/16.1.0/../../../../powerpc-eabi/lib/libc.a(libc_a-fflush.o)
                0x80032abc                __sflush_r
 .text._fflush_r
                0x80032dbc      0x108 /opt/devkitpro/devkitPPC/lib/gcc/powerpc-eabi/16.1.0/../../../../powerpc-eabi/lib/libc.a(libc_a-fflush.o)
                0x80032dbc                _fflush_r
 .text._fwrite_r
                0x80032ec4      0x144 /opt/devkitpro/devkitPPC/lib/gcc/powerpc-eabi/16.1.0/../../../../powerpc-eabi/lib/libc.a(libc_a-fwrite.o)
                0x80032ec4                _fwrite_r
 .text.fwrite   0x80033008       0x60 /opt/devkitpro/devkitPPC/lib/gcc/powerpc-eabi/16.1.0/../../../../powerpc-eabi/lib/libc.a(libc_a-fwrite.o)
                0x80033008                fwrite
 .text.realloc  0x80033068       0x40 /opt/devkitpro/devkitPPC/lib/gcc/powerpc-eabi/16.1.0/../../../../powerpc-eabi/lib/libc.a(libc_a-realloc.o)
                0x80033068                realloc
 .text._ftello_r
                0x800330a8      0x258 /opt/devkitpro/devkitPPC/lib/gcc/powerpc-eabi/16.1.0/../../../../powerpc-eabi/lib/libc.a(libc_a-ftello.o)
                0x800330a8                _ftello_r
 .text._malloc_r
                0x80033300      0x90c /opt/devkitpro/devkitPPC/lib/gcc/powerpc-eabi/16.1.0/../../../../powerpc-eabi/lib/libc.a(libc_a-mallocr.o)
                0x80033300                _malloc_r
 .text._malloc_trim_r
                0x80033c0c      0x138 /opt/devkitpro/devkitPPC/lib/gcc/powerpc-eabi/16.1.0/../../../../powerpc-eabi/lib/libc.a(libc_a-freer.o)
                0x80033c0c                _malloc_trim_r
 .text._free_r  0x80033d44      0x32c /opt/devkitpro/devkitPPC/lib/gcc/powerpc-eabi/16.1.0/../../../../powerpc-eabi/lib/libc.a(libc_a-freer.o)
                0x80033d44                _free_r
 .text.setvbuf  0x80034070      0x2e4 /opt/devkitpro/devkitPPC/lib/gcc/powerpc-eabi/16.1.0/../../../../powerpc-eabi/lib/libc.a(libc_a-setvbuf.o)
                0x80034070                setvbuf
 .text._sungetc_r
                0x80034354       0xf4 /opt/devkitpro/devkitPPC/lib/gcc/powerpc-eabi/16.1.0/../../../../powerpc-eabi/lib/libc.a(libc_a-svfiscanf.o)
                0x80034354                _sungetc_r
 .text.__ssrefill_r
                0x80034448       0x80 /opt/devkitpro/devkitPPC/lib/gcc/powerpc-eabi/16.1.0/../../../../powerpc-eabi/lib/libc.a(libc_a-svfiscanf.o)
                0x80034448                __ssrefill_r
 .text._sfread_r
                0x800344c8       0xc8 /opt/devkitpro/devkitPPC/lib/gcc/powerpc-eabi/16.1.0/../../../../powerpc-eabi/lib/libc.a(libc_a-svfiscanf.o)
                0x800344c8                _sfread_r
 .text.stdio_exit_handler
                0x80034590       0x1c /opt/devkitpro/devkitPPC/lib/gcc/powerpc-eabi/16.1.0/../../../../powerpc-eabi/lib/libc.a(libc_a-findfp.o)
 .text.cleanup_stdio
                0x800345ac       0x88 /opt/devkitpro/devkitPPC/lib/gcc/powerpc-eabi/16.1.0/../../../../powerpc-eabi/lib/libc.a(libc_a-findfp.o)
 .text.global_stdio_init.part.0
                0x80034634      0x188 /opt/devkitpro/devkitPPC/lib/gcc/powerpc-eabi/16.1.0/../../../../powerpc-eabi/lib/libc.a(libc_a-findfp.o)
 .text.__sfp    0x800347bc      0x1ac /opt/devkitpro/devkitPPC/lib/gcc/powerpc-eabi/16.1.0/../../../../powerpc-eabi/lib/libc.a(libc_a-findfp.o)
                0x800347bc                __sfp
 .text.__sinit  0x80034968       0x8c /opt/devkitpro/devkitPPC/lib/gcc/powerpc-eabi/16.1.0/../../../../powerpc-eabi/lib/libc.a(libc_a-findfp.o)
                0x80034968                __sinit
 .text.__sfp_lock_acquire
                0x800349f4        0xc /opt/devkitpro/devkitPPC/lib/gcc/powerpc-eabi/16.1.0/../../../../powerpc-eabi/lib/libc.a(libc_a-findfp.o)
                0x800349f4                __sfp_lock_acquire
 .text.__sfp_lock_release
                0x80034a00        0xc /opt/devkitpro/devkitPPC/lib/gcc/powerpc-eabi/16.1.0/../../../../powerpc-eabi/lib/libc.a(libc_a-findfp.o)
                0x80034a00                __sfp_lock_release
 .text.atoi     0x80034a0c        0xc /opt/devkitpro/devkitPPC/lib/gcc/powerpc-eabi/16.1.0/../../../../powerpc-eabi/lib/libc.a(libc_a-atoi.o)
                0x80034a0c                atoi
 .text._strtol_l.isra.0
                0x80034a18      0x260 /opt/devkitpro/devkitPPC/lib/gcc/powerpc-eabi/16.1.0/../../../../powerpc-eabi/lib/libc.a(libc_a-strtol.o)
 .text._strtol_r
                0x80034c78       0x60 /opt/devkitpro/devkitPPC/lib/gcc/powerpc-eabi/16.1.0/../../../../powerpc-eabi/lib/libc.a(libc_a-strtol.o)
                0x80034c78                _strtol_r
 .text.strtol   0x80034cd8       0x64 /opt/devkitpro/devkitPPC/lib/gcc/powerpc-eabi/16.1.0/../../../../powerpc-eabi/lib/libc.a(libc_a-strtol.o)
                0x80034cd8                strtol
 .text.strncpy  0x80034d3c      0x104 /opt/devkitpro/devkitPPC/lib/gcc/powerpc-eabi/16.1.0/../../../../powerpc-eabi/lib/libc.a(libc_a-strncpy.o)
                0x80034d3c                strncpy
 .text.strcmp   0x80034e40       0x9c /opt/devkitpro/devkitPPC/lib/gcc/powerpc-eabi/16.1.0/../../../../powerpc-eabi/lib/libc.a(libc_a-strcmp.o)
                0x80034e40                strcmp
 .text._fseek_r
                0x80034edc       0x10 /opt/devkitpro/devkitPPC/lib/gcc/powerpc-eabi/16.1.0/../../../../powerpc-eabi/lib/libc.a(libc_a-fseek.o)
                0x80034edc                _fseek_r
 .text.fseek    0x80034eec       0x54 /opt/devkitpro/devkitPPC/lib/gcc/powerpc-eabi/16.1.0/../../../../powerpc-eabi/lib/libc.a(libc_a-fseek.o)
                0x80034eec                fseek
 .text.malloc   0x80034f40       0x58 /opt/devkitpro/devkitPPC/lib/gcc/powerpc-eabi/16.1.0/../../../../powerpc-eabi/lib/libc.a(libc_a-malloc.o)
                0x80034f40                malloc
 .text.free     0x80034f98       0x30 /opt/devkitpro/devkitPPC/lib/gcc/powerpc-eabi/16.1.0/../../../../powerpc-eabi/lib/libc.a(libc_a-malloc.o)
                0x80034f98                free
 .text.write    0x80034fc8       0x50 /opt/devkitpro/devkitPPC/lib/gcc/powerpc-eabi/16.1.0/../../../../powerpc-eabi/lib/libc.a(libc_a-syswrite.o)
                0x80034fc8                write
 .text._localeconv_r
                0x80035018       0x4c /opt/devkitpro/devkitPPC/lib/gcc/powerpc-eabi/16.1.0/../../../../powerpc-eabi/lib/libc.a(libc_a-localeconv.o)
                0x80035018                _localeconv_r
 .text.__sread  0x80035064       0x74 /opt/devkitpro/devkitPPC/lib/gcc/powerpc-eabi/16.1.0/../../../../powerpc-eabi/lib/libc.a(libc_a-stdio.o)
                0x80035064                __sread
 .text.__seofread
                0x800350d8        0x8 /opt/devkitpro/devkitPPC/lib/gcc/powerpc-eabi/16.1.0/../../../../powerpc-eabi/lib/libc.a(libc_a-stdio.o)
                0x800350d8                __seofread
 .text.__swrite
                0x800350e0       0xb0 /opt/devkitpro/devkitPPC/lib/gcc/powerpc-eabi/16.1.0/../../../../powerpc-eabi/lib/libc.a(libc_a-stdio.o)
                0x800350e0                __swrite
 .text.__sseek  0x80035190       0x70 /opt/devkitpro/devkitPPC/lib/gcc/powerpc-eabi/16.1.0/../../../../powerpc-eabi/lib/libc.a(libc_a-stdio.o)
                0x80035190                __sseek
 .text.__sclose
                0x80035200        0x8 /opt/devkitpro/devkitPPC/lib/gcc/powerpc-eabi/16.1.0/../../../../powerpc-eabi/lib/libc.a(libc_a-stdio.o)
                0x80035200                __sclose
 .text.memmove  0x80035208      0x254 /opt/devkitpro/devkitPPC/lib/gcc/powerpc-eabi/16.1.0/../../../../powerpc-eabi/lib/libc.a(libc_a-memmove.o)
                0x80035208                memmove
 .text.fgetc    0x8003545c       0xf8 /opt/devkitpro/devkitPPC/lib/gcc/powerpc-eabi/16.1.0/../../../../powerpc-eabi/lib/libc.a(libc_a-fgetc.o)
                0x8003545c                fgetc
 .text._realloc_r
                0x80035554      0x634 /opt/devkitpro/devkitPPC/lib/gcc/powerpc-eabi/16.1.0/../../../../powerpc-eabi/lib/libc.a(libc_a-reallocr.o)
                0x80035554                _realloc_r
 .text._fseeko_r
                0x80035b88      0x6f8 /opt/devkitpro/devkitPPC/lib/gcc/powerpc-eabi/16.1.0/../../../../powerpc-eabi/lib/libc.a(libc_a-fseeko.o)
                0x80035b88                _fseeko_r
 .text._fclose_r
                0x80036280      0x1b4 /opt/devkitpro/devkitPPC/lib/gcc/powerpc-eabi/16.1.0/../../../../powerpc-eabi/lib/libc.a(libc_a-fclose.o)
                0x80036280                _fclose_r
 .text.fclose   0x80036434       0x30 /opt/devkitpro/devkitPPC/lib/gcc/powerpc-eabi/16.1.0/../../../../powerpc-eabi/lib/libc.a(libc_a-fclose.o)
                0x80036434                fclose
 .text.fprintf  0x80036464       0xa4 /opt/devkitpro/devkitPPC/lib/gcc/powerpc-eabi/16.1.0/../../../../powerpc-eabi/lib/libc.a(libc_a-fprintf.o)
                0x80036464                fprintf
 .text.strtok   0x80036508       0x48 /opt/devkitpro/devkitPPC/lib/gcc/powerpc-eabi/16.1.0/../../../../powerpc-eabi/lib/libc.a(libc_a-strtok.o)
                0x80036508                strtok
 .text.get_arg  0x80036550      0x7bc /opt/devkitpro/devkitPPC/lib/gcc/powerpc-eabi/16.1.0/../../../../powerpc-eabi/lib/libc.a(libc_a-svfprintf.o)
 .text._svfprintf_r
                0x80036d0c     0x39f8 /opt/devkitpro/devkitPPC/lib/gcc/powerpc-eabi/16.1.0/../../../../powerpc-eabi/lib/libc.a(libc_a-svfprintf.o)
                0x80036d0c                _svfprintf_r
 .text.__sflags
                0x8003a704       0xa8 /opt/devkitpro/devkitPPC/lib/gcc/powerpc-eabi/16.1.0/../../../../powerpc-eabi/lib/libc.a(libc_a-flags.o)
                0x8003a704                __sflags
 .text.__utf8_wctomb
                0x8003a7ac      0x108 /opt/devkitpro/devkitPPC/lib/gcc/powerpc-eabi/16.1.0/../../../../powerpc-eabi/lib/libc.a(libc_a-wctomb_r.o)
                0x8003a7ac                __utf8_wctomb
 .text.strnlen  0x8003a8b4       0xc0 /opt/devkitpro/devkitPPC/lib/gcc/powerpc-eabi/16.1.0/../../../../powerpc-eabi/lib/libc.a(libc_a-strnlen.o)
                0x8003a8b4                strnlen
 .text.strncmp  0x8003a974       0xc8 /opt/devkitpro/devkitPPC/lib/gcc/powerpc-eabi/16.1.0/../../../../powerpc-eabi/lib/libc.a(libc_a-strncmp.o)
                0x8003a974                strncmp
 .text.__match  0x8003aa3c       0x54 /opt/devkitpro/devkitPPC/lib/gcc/powerpc-eabi/16.1.0/../../../../powerpc-eabi/lib/libc.a(libc_a-gdtoa-hexnan.o)
                0x8003aa3c                __match
 .text.__hexnan
                0x8003aa90      0x528 /opt/devkitpro/devkitPPC/lib/gcc/powerpc-eabi/16.1.0/../../../../powerpc-eabi/lib/libc.a(libc_a-gdtoa-hexnan.o)
                0x8003aa90                __hexnan
 .text.sprintf  0x8003afb8       0xd0 /opt/devkitpro/devkitPPC/lib/gcc/powerpc-eabi/16.1.0/../../../../powerpc-eabi/lib/libc.a(libc_a-sprintf.o)
                0x8003afb8                sprintf
 .text.__strtok_r
                0x8003b088       0xc0 /opt/devkitpro/devkitPPC/lib/gcc/powerpc-eabi/16.1.0/../../../../powerpc-eabi/lib/libc.a(libc_a-strtok_r.o)
                0x8003b088                __strtok_r
 .text.lflush   0x8003b148       0x40 /opt/devkitpro/devkitPPC/lib/gcc/powerpc-eabi/16.1.0/../../../../powerpc-eabi/lib/libc.a(libc_a-refill.o)
 .text.__srefill_r
                0x8003b188      0x1d8 /opt/devkitpro/devkitPPC/lib/gcc/powerpc-eabi/16.1.0/../../../../powerpc-eabi/lib/libc.a(libc_a-refill.o)
                0x8003b188                __srefill_r
 .text.nan      0x8003b360        0xc /opt/devkitpro/devkitPPC/lib/gcc/powerpc-eabi/16.1.0/../../../../powerpc-eabi/lib/libc.a(libm_a-s_nan.o)
                0x8003b360                nan
 .text.nanf     0x8003b36c        0xc /opt/devkitpro/devkitPPC/lib/gcc/powerpc-eabi/16.1.0/../../../../powerpc-eabi/lib/libc.a(libm_a-sf_nan.o)
                0x8003b36c                nanf
 .text.frexp    0x8003b378       0x90 /opt/devkitpro/devkitPPC/lib/gcc/powerpc-eabi/16.1.0/../../../../powerpc-eabi/lib/libc.a(libm_a-s_frexp.o)
                0x8003b378                frexp
 .text.stpncpy  0x8003b408      0x118 /opt/devkitpro/devkitPPC/lib/gcc/powerpc-eabi/16.1.0/../../../../powerpc-eabi/lib/libc.a(libc_a-stpncpy.o)
                0x8003b408                stpncpy
 .text.iswspace
                0x8003b520        0x8 /opt/devkitpro/devkitPPC/lib/gcc/powerpc-eabi/16.1.0/../../../../powerpc-eabi/lib/libc.a(libc_a-iswspace.o)
                0x8003b520                iswspace
 .text._Balloc  0x8003b528       0xf4 /opt/devkitpro/devkitPPC/lib/gcc/powerpc-eabi/16.1.0/../../../../powerpc-eabi/lib/libc.a(libc_a-mprec.o)
                0x8003b528                _Balloc
 .text._Bfree   0x8003b61c       0x24 /opt/devkitpro/devkitPPC/lib/gcc/powerpc-eabi/16.1.0/../../../../powerpc-eabi/lib/libc.a(libc_a-mprec.o)
                0x8003b61c                _Bfree
 .text.__multadd
                0x8003b640      0x174 /opt/devkitpro/devkitPPC/lib/gcc/powerpc-eabi/16.1.0/../../../../powerpc-eabi/lib/libc.a(libc_a-mprec.o)
                0x8003b640                __multadd
 .text.__s2b    0x8003b7b4      0x154 /opt/devkitpro/devkitPPC/lib/gcc/powerpc-eabi/16.1.0/../../../../powerpc-eabi/lib/libc.a(libc_a-mprec.o)
                0x8003b7b4                __s2b
 .text.__hi0bits
                0x8003b908       0x98 /opt/devkitpro/devkitPPC/lib/gcc/powerpc-eabi/16.1.0/../../../../powerpc-eabi/lib/libc.a(libc_a-mprec.o)
                0x8003b908                __hi0bits
 .text.__lo0bits
                0x8003b9a0      0x10c /opt/devkitpro/devkitPPC/lib/gcc/powerpc-eabi/16.1.0/../../../../powerpc-eabi/lib/libc.a(libc_a-mprec.o)
                0x8003b9a0                __lo0bits
 .text.__i2b    0x8003baac      0x108 /opt/devkitpro/devkitPPC/lib/gcc/powerpc-eabi/16.1.0/../../../../powerpc-eabi/lib/libc.a(libc_a-mprec.o)
                0x8003baac                __i2b
 .text.__multiply
                0x8003bbb4      0x338 /opt/devkitpro/devkitPPC/lib/gcc/powerpc-eabi/16.1.0/../../../../powerpc-eabi/lib/libc.a(libc_a-mprec.o)
                0x8003bbb4                __multiply
 .text.__pow5mult
                0x8003beec      0x19c /opt/devkitpro/devkitPPC/lib/gcc/powerpc-eabi/16.1.0/../../../../powerpc-eabi/lib/libc.a(libc_a-mprec.o)
                0x8003beec                __pow5mult
 .text.__lshift
                0x8003c088      0x26c /opt/devkitpro/devkitPPC/lib/gcc/powerpc-eabi/16.1.0/../../../../powerpc-eabi/lib/libc.a(libc_a-mprec.o)
                0x8003c088                __lshift
 .text.__mcmp   0x8003c2f4       0xdc /opt/devkitpro/devkitPPC/lib/gcc/powerpc-eabi/16.1.0/../../../../powerpc-eabi/lib/libc.a(libc_a-mprec.o)
                0x8003c2f4                __mcmp
 .text.__mdiff  0x8003c3d0      0x314 /opt/devkitpro/devkitPPC/lib/gcc/powerpc-eabi/16.1.0/../../../../powerpc-eabi/lib/libc.a(libc_a-mprec.o)
                0x8003c3d0                __mdiff
 .text.__ulp    0x8003c6e4       0x94 /opt/devkitpro/devkitPPC/lib/gcc/powerpc-eabi/16.1.0/../../../../powerpc-eabi/lib/libc.a(libc_a-mprec.o)
                0x8003c6e4                __ulp
 .text.__b2d    0x8003c778      0x1a4 /opt/devkitpro/devkitPPC/lib/gcc/powerpc-eabi/16.1.0/../../../../powerpc-eabi/lib/libc.a(libc_a-mprec.o)
                0x8003c778                __b2d
 .text.__d2b    0x8003c91c      0x194 /opt/devkitpro/devkitPPC/lib/gcc/powerpc-eabi/16.1.0/../../../../powerpc-eabi/lib/libc.a(libc_a-mprec.o)
                0x8003c91c                __d2b
 .text.__ratio  0x8003cab0       0xe8 /opt/devkitpro/devkitPPC/lib/gcc/powerpc-eabi/16.1.0/../../../../powerpc-eabi/lib/libc.a(libc_a-mprec.o)
                0x8003cab0                __ratio
 .text.__copybits
                0x8003cb98      0x11c /opt/devkitpro/devkitPPC/lib/gcc/powerpc-eabi/16.1.0/../../../../powerpc-eabi/lib/libc.a(libc_a-mprec.o)
                0x8003cb98                __copybits
 .text.__any_on
                0x8003ccb4       0xe4 /opt/devkitpro/devkitPPC/lib/gcc/powerpc-eabi/16.1.0/../../../../powerpc-eabi/lib/libc.a(libc_a-mprec.o)
                0x8003ccb4                __any_on
 .text._fwalk_sglue
                0x8003cd98       0xb4 /opt/devkitpro/devkitPPC/lib/gcc/powerpc-eabi/16.1.0/../../../../powerpc-eabi/lib/libc.a(libc_a-fwalk.o)
                0x8003cd98                _fwalk_sglue
 .text.__srget_r
                0x8003ce4c       0x84 /opt/devkitpro/devkitPPC/lib/gcc/powerpc-eabi/16.1.0/../../../../powerpc-eabi/lib/libc.a(libc_a-rget.o)
                0x8003ce4c                __srget_r
 .text.get_arg  0x8003ced0      0x7bc /opt/devkitpro/devkitPPC/lib/gcc/powerpc-eabi/16.1.0/../../../../powerpc-eabi/lib/libc.a(libc_a-vfprintf.o)
 .text._vfprintf_r
                0x8003d68c     0x3ac4 /opt/devkitpro/devkitPPC/lib/gcc/powerpc-eabi/16.1.0/../../../../powerpc-eabi/lib/libc.a(libc_a-vfprintf.o)
                0x8003d68c                _vfprintf_r
 .text.__sbprintf
                0x80041150       0xe4 /opt/devkitpro/devkitPPC/lib/gcc/powerpc-eabi/16.1.0/../../../../powerpc-eabi/lib/libc.a(libc_a-vfprintf.o)
 .text._wcrtomb_r
                0x80041234      0x104 /opt/devkitpro/devkitPPC/lib/gcc/powerpc-eabi/16.1.0/../../../../powerpc-eabi/lib/libc.a(libc_a-wcrtomb.o)
                0x80041234                _wcrtomb_r
 .text.memchr   0x80041338      0x148 /opt/devkitpro/devkitPPC/lib/gcc/powerpc-eabi/16.1.0/../../../../powerpc-eabi/lib/libc.a(libc_a-memchr.o)
                0x80041338                memchr
 .text.__ssprint_r
                0x80041480      0x10c /opt/devkitpro/devkitPPC/lib/gcc/powerpc-eabi/16.1.0/../../../../powerpc-eabi/lib/libc.a(libc_a-ssprint_r.o)
                0x80041480                __ssprint_r
 .text.__utf8_mbtowc
                0x8004158c      0x604 /opt/devkitpro/devkitPPC/lib/gcc/powerpc-eabi/16.1.0/../../../../powerpc-eabi/lib/libc.a(libc_a-mbtowc_r.o)
                0x8004158c                __utf8_mbtowc
 .text.__sfvwrite_r
                0x80041b90      0x588 /opt/devkitpro/devkitPPC/lib/gcc/powerpc-eabi/16.1.0/../../../../powerpc-eabi/lib/libc.a(libc_a-fvwrite.o)
                0x80041b90                __sfvwrite_r
 .text.__sprint_r
                0x80042118       0x54 /opt/devkitpro/devkitPPC/lib/gcc/powerpc-eabi/16.1.0/../../../../powerpc-eabi/lib/libc.a(libc_a-sprint_r.o)
                0x80042118                __sprint_r
 .text.quorem   0x8004216c      0x340 /opt/devkitpro/devkitPPC/lib/gcc/powerpc-eabi/16.1.0/../../../../powerpc-eabi/lib/libc.a(libc_a-dtoa.o)
 .text._dtoa_r  0x800424ac     0x1720 /opt/devkitpro/devkitPPC/lib/gcc/powerpc-eabi/16.1.0/../../../../powerpc-eabi/lib/libc.a(libc_a-dtoa.o)
                0x800424ac                _dtoa_r
 .text.__call_exitprocs
                0x80043bcc      0x208 /opt/devkitpro/devkitPPC/lib/gcc/powerpc-eabi/16.1.0/../../../../powerpc-eabi/lib/libc.a(libc_a-__call_atexit.o)
                0x80043bcc                __call_exitprocs
 .text._wcsrtombs_r
                0x80043dd4       0x10 /opt/devkitpro/devkitPPC/lib/gcc/powerpc-eabi/16.1.0/../../../../powerpc-eabi/lib/libc.a(libc_a-wcsrtombs.o)
                0x80043dd4                _wcsrtombs_r
 .text.__swsetup_r
                0x80043de4      0x17c /opt/devkitpro/devkitPPC/lib/gcc/powerpc-eabi/16.1.0/../../../../powerpc-eabi/lib/libc.a(libc_a-wsetup.o)